Archive member included to satisfy reference by file (symbol)

c:/st/stm32cubeide_1.10.0/stm32cubeide/plugins/com.st.stm32cube.ide.mcu.externaltools.gnu-tools-for-stm32.10.3-2021.10.win32_1.0.0.202111181127/tools/bin/../lib/gcc/arm-none-eabi/10.3.1/../../../../arm-none-eabi/lib/thumb/v7e-m+fp/hard\libc_nano.a(lib_a-errno.o)
                              ./Core/Src/syscalls.o (__errno)
c:/st/stm32cubeide_1.10.0/stm32cubeide/plugins/com.st.stm32cube.ide.mcu.externaltools.gnu-tools-for-stm32.10.3-2021.10.win32_1.0.0.202111181127/tools/bin/../lib/gcc/arm-none-eabi/10.3.1/../../../../arm-none-eabi/lib/thumb/v7e-m+fp/hard\libc_nano.a(lib_a-exit.o)
                              c:/st/stm32cubeide_1.10.0/stm32cubeide/plugins/com.st.stm32cube.ide.mcu.externaltools.gnu-tools-for-stm32.10.3-2021.10.win32_1.0.0.202111181127/tools/bin/../lib/gcc/arm-none-eabi/10.3.1/../../../../arm-none-eabi/lib/thumb/v7e-m+fp/hard/crt0.o (exit)
c:/st/stm32cubeide_1.10.0/stm32cubeide/plugins/com.st.stm32cube.ide.mcu.externaltools.gnu-tools-for-stm32.10.3-2021.10.win32_1.0.0.202111181127/tools/bin/../lib/gcc/arm-none-eabi/10.3.1/../../../../arm-none-eabi/lib/thumb/v7e-m+fp/hard\libc_nano.a(lib_a-impure.o)
                              c:/st/stm32cubeide_1.10.0/stm32cubeide/plugins/com.st.stm32cube.ide.mcu.externaltools.gnu-tools-for-stm32.10.3-2021.10.win32_1.0.0.202111181127/tools/bin/../lib/gcc/arm-none-eabi/10.3.1/../../../../arm-none-eabi/lib/thumb/v7e-m+fp/hard\libc_nano.a(lib_a-exit.o) (_global_impure_ptr)
c:/st/stm32cubeide_1.10.0/stm32cubeide/plugins/com.st.stm32cube.ide.mcu.externaltools.gnu-tools-for-stm32.10.3-2021.10.win32_1.0.0.202111181127/tools/bin/../lib/gcc/arm-none-eabi/10.3.1/../../../../arm-none-eabi/lib/thumb/v7e-m+fp/hard\libc_nano.a(lib_a-init.o)
                              c:/st/stm32cubeide_1.10.0/stm32cubeide/plugins/com.st.stm32cube.ide.mcu.externaltools.gnu-tools-for-stm32.10.3-2021.10.win32_1.0.0.202111181127/tools/bin/../lib/gcc/arm-none-eabi/10.3.1/../../../../arm-none-eabi/lib/thumb/v7e-m+fp/hard/crt0.o (__libc_init_array)
c:/st/stm32cubeide_1.10.0/stm32cubeide/plugins/com.st.stm32cube.ide.mcu.externaltools.gnu-tools-for-stm32.10.3-2021.10.win32_1.0.0.202111181127/tools/bin/../lib/gcc/arm-none-eabi/10.3.1/../../../../arm-none-eabi/lib/thumb/v7e-m+fp/hard\libc_nano.a(lib_a-memcpy-stub.o)
                              ./Core/Src/MY_NRF24.o (memcpy)
c:/st/stm32cubeide_1.10.0/stm32cubeide/plugins/com.st.stm32cube.ide.mcu.externaltools.gnu-tools-for-stm32.10.3-2021.10.win32_1.0.0.202111181127/tools/bin/../lib/gcc/arm-none-eabi/10.3.1/../../../../arm-none-eabi/lib/thumb/v7e-m+fp/hard\libc_nano.a(lib_a-memset.o)
                              c:/st/stm32cubeide_1.10.0/stm32cubeide/plugins/com.st.stm32cube.ide.mcu.externaltools.gnu-tools-for-stm32.10.3-2021.10.win32_1.0.0.202111181127/tools/bin/../lib/gcc/arm-none-eabi/10.3.1/../../../../arm-none-eabi/lib/thumb/v7e-m+fp/hard/crt0.o (memset)
c:/st/stm32cubeide_1.10.0/stm32cubeide/plugins/com.st.stm32cube.ide.mcu.externaltools.gnu-tools-for-stm32.10.3-2021.10.win32_1.0.0.202111181127/tools/bin/../lib/gcc/arm-none-eabi/10.3.1/thumb/v7e-m+fp/hard\libgcc.a(_aeabi_uldivmod.o)
                              ./Drivers/STM32F4xx_HAL_Driver/Src/stm32f4xx_hal_rcc.o (__aeabi_uldivmod)
c:/st/stm32cubeide_1.10.0/stm32cubeide/plugins/com.st.stm32cube.ide.mcu.externaltools.gnu-tools-for-stm32.10.3-2021.10.win32_1.0.0.202111181127/tools/bin/../lib/gcc/arm-none-eabi/10.3.1/thumb/v7e-m+fp/hard\libgcc.a(_udivmoddi4.o)
                              c:/st/stm32cubeide_1.10.0/stm32cubeide/plugins/com.st.stm32cube.ide.mcu.externaltools.gnu-tools-for-stm32.10.3-2021.10.win32_1.0.0.202111181127/tools/bin/../lib/gcc/arm-none-eabi/10.3.1/thumb/v7e-m+fp/hard\libgcc.a(_aeabi_uldivmod.o) (__udivmoddi4)
c:/st/stm32cubeide_1.10.0/stm32cubeide/plugins/com.st.stm32cube.ide.mcu.externaltools.gnu-tools-for-stm32.10.3-2021.10.win32_1.0.0.202111181127/tools/bin/../lib/gcc/arm-none-eabi/10.3.1/thumb/v7e-m+fp/hard\libgcc.a(_dvmd_tls.o)
                              c:/st/stm32cubeide_1.10.0/stm32cubeide/plugins/com.st.stm32cube.ide.mcu.externaltools.gnu-tools-for-stm32.10.3-2021.10.win32_1.0.0.202111181127/tools/bin/../lib/gcc/arm-none-eabi/10.3.1/thumb/v7e-m+fp/hard\libgcc.a(_aeabi_uldivmod.o) (__aeabi_ldiv0)

Discarded input sections

 .text          0x0000000000000000        0x0 c:/st/stm32cubeide_1.10.0/stm32cubeide/plugins/com.st.stm32cube.ide.mcu.externaltools.gnu-tools-for-stm32.10.3-2021.10.win32_1.0.0.202111181127/tools/bin/../lib/gcc/arm-none-eabi/10.3.1/thumb/v7e-m+fp/hard/crti.o
 .data          0x0000000000000000        0x0 c:/st/stm32cubeide_1.10.0/stm32cubeide/plugins/com.st.stm32cube.ide.mcu.externaltools.gnu-tools-for-stm32.10.3-2021.10.win32_1.0.0.202111181127/tools/bin/../lib/gcc/arm-none-eabi/10.3.1/thumb/v7e-m+fp/hard/crti.o
[...]
Memory Configuration

Name             Origin             Length             Attributes
RAM              0x0000000020000000 0x0000000000020000 xrw
FLASH            0x0000000008000000 0x0000000000080000 xr
*default*        0x0000000000000000 0xffffffffffffffff

Linker script and memory map

LOAD c:/st/stm32cubeide_1.10.0/stm32cubeide/plugins/com.st.stm32cube.ide.mcu.externaltools.gnu-tools-for-stm32.10.3-2021.10.win32_1.0.0.202111181127/tools/bin/../lib/gcc/arm-none-eabi/10.3.1/thumb/v7e-m+fp/hard/crti.o
LOAD c:/st/stm32cubeide_1.10.0/stm32cubeide/plugins/com.st.stm32cube.ide.mcu.externaltools.gnu-tools-for-stm32.10.3-2021.10.win32_1.0.0.202111181127/tools/bin/../lib/gcc/arm-none-eabi/10.3.1/thumb/v7e-m+fp/hard/crtbegin.o
LOAD c:/st/stm32cubeide_1.10.0/stm32cubeide/plugins/com.st.stm32cube.ide.mcu.externaltools.gnu-tools-for-stm32.10.3-2021.10.win32_1.0.0.202111181127/tools/bin/../lib/gcc/arm-none-eabi/10.3.1/../../../../arm-none-eabi/lib/thumb/v7e-m+fp/hard/crt0.o
LOAD ./Core/Src/MY_NRF24.o
LOAD ./Core/Src/main.o
LOAD ./Core/Src/stm32f4xx_hal_msp.o
LOAD ./Core/Src/stm32f4xx_it.o
LOAD ./Core/Src/syscalls.o
LOAD ./Core/Src/sysmem.o
LOAD ./Core/Src/system_stm32f4xx.o
LOAD ./Core/Startup/startup_stm32f411retx.o
LOAD ./Drivers/STM32F4xx_HAL_Driver/Src/stm32f4xx_hal.o
LOAD ./Drivers/STM32F4xx_HAL_Driver/Src/stm32f4xx_hal_adc.o
LOAD ./Drivers/STM32F4xx_HAL_Driver/Src/stm32f4xx_hal_adc_ex.o
LOAD ./Drivers/STM32F4xx_HAL_Driver/Src/stm32f4xx_hal_cortex.o
LOAD ./Drivers/STM32F4xx_HAL_Driver/Src/stm32f4xx_hal_dma.o
LOAD ./Drivers/STM32F4xx_HAL_Driver/Src/stm32f4xx_hal_dma_ex.o
LOAD ./Drivers/STM32F4xx_HAL_Driver/Src/stm32f4xx_hal_exti.o
LOAD ./Drivers/STM32F4xx_HAL_Driver/Src/stm32f4xx_hal_flash.o
LOAD ./Drivers/STM32F4xx_HAL_Driver/Src/stm32f4xx_hal_flash_ex.o
LOAD ./Drivers/STM32F4xx_HAL_Driver/Src/stm32f4xx_hal_flash_ramfunc.o
LOAD ./Drivers/STM32F4xx_HAL_Driver/Src/stm32f4xx_hal_gpio.o
LOAD ./Drivers/STM32F4xx_HAL_Driver/Src/stm32f4xx_hal_pwr.o
LOAD ./Drivers/STM32F4xx_HAL_Driver/Src/stm32f4xx_hal_pwr_ex.o
LOAD ./Drivers/STM32F4xx_HAL_Driver/Src/stm32f4xx_hal_rcc.o
LOAD ./Drivers/STM32F4xx_HAL_Driver/Src/stm32f4xx_hal_rcc_ex.o
LOAD ./Drivers/STM32F4xx_HAL_Driver/Src/stm32f4xx_hal_spi.o
LOAD ./Drivers/STM32F4xx_HAL_Driver/Src/stm32f4xx_hal_tim.o
LOAD ./Drivers/STM32F4xx_HAL_Driver/Src/stm32f4xx_hal_tim_ex.o
LOAD ./Drivers/STM32F4xx_HAL_Driver/Src/stm32f4xx_hal_uart.o
LOAD ./Drivers/STM32F4xx_HAL_Driver/Src/stm32f4xx_ll_adc.o
START GROUP
LOAD c:/st/stm32cubeide_1.10.0/stm32cubeide/plugins/com.st.stm32cube.ide.mcu.externaltools.gnu-tools-for-stm32.10.3-2021.10.win32_1.0.0.202111181127/tools/bin/../lib/gcc/arm-none-eabi/10.3.1/../../../../arm-none-eabi/lib/thumb/v7e-m+fp/hard\libc_nano.a
LOAD c:/st/stm32cubeide_1.10.0/stm32cubeide/plugins/com.st.stm32cube.ide.mcu.externaltools.gnu-tools-for-stm32.10.3-2021.10.win32_1.0.0.202111181127/tools/bin/../lib/gcc/arm-none-eabi/10.3.1/../../../../arm-none-eabi/lib/thumb/v7e-m+fp/hard\libm.a
END GROUP
START GROUP
LOAD c:/st/stm32cubeide_1.10.0/stm32cubeide/plugins/com.st.stm32cube.ide.mcu.externaltools.gnu-tools-for-stm32.10.3-2021.10.win32_1.0.0.202111181127/tools/bin/../lib/gcc/arm-none-eabi/10.3.1/thumb/v7e-m+fp/hard\libgcc.a
LOAD c:/st/stm32cubeide_1.10.0/stm32cubeide/plugins/com.st.stm32cube.ide.mcu.externaltools.gnu-tools-for-stm32.10.3-2021.10.win32_1.0.0.202111181127/tools/bin/../lib/gcc/arm-none-eabi/10.3.1/../../../../arm-none-eabi/lib/thumb/v7e-m+fp/hard\libc_nano.a
END GROUP
START GROUP
LOAD c:/st/stm32cubeide_1.10.0/stm32cubeide/plugins/com.st.stm32cube.ide.mcu.externaltools.gnu-tools-for-stm32.10.3-2021.10.win32_1.0.0.202111181127/tools/bin/../lib/gcc/arm-none-eabi/10.3.1/thumb/v7e-m+fp/hard\libgcc.a
LOAD c:/st/stm32cubeide_1.10.0/stm32cubeide/plugins/com.st.stm32cube.ide.mcu.externaltools.gnu-tools-for-stm32.10.3-2021.10.win32_1.0.0.202111181127/tools/bin/../lib/gcc/arm-none-eabi/10.3.1/../../../../arm-none-eabi/lib/thumb/v7e-m+fp/hard\libc_nano.a
LOAD c:/st/stm32cubeide_1.10.0/stm32cubeide/plugins/com.st.stm32cube.ide.mcu.externaltools.gnu-tools-for-stm32.10.3-2021.10.win32_1.0.0.202111181127/tools/bin/../lib/gcc/arm-none-eabi/10.3.1/../../../../arm-none-eabi/lib/thumb/v7e-m+fp/hard\libnosys.a
END GROUP
START GROUP
LOAD c:/st/stm32cubeide_1.10.0/stm32cubeide/plugins/com.st.stm32cube.ide.mcu.externaltools.gnu-tools-for-stm32.10.3-2021.10.win32_1.0.0.202111181127/tools/bin/../lib/gcc/arm-none-eabi/10.3.1/thumb/v7e-m+fp/hard\libgcc.a
LOAD c:/st/stm32cubeide_1.10.0/stm32cubeide/plugins/com.st.stm32cube.ide.mcu.externaltools.gnu-tools-for-stm32.10.3-2021.10.win32_1.0.0.202111181127/tools/bin/../lib/gcc/arm-none-eabi/10.3.1/../../../../arm-none-eabi/lib/thumb/v7e-m+fp/hard\libc_nano.a
LOAD c:/st/stm32cubeide_1.10.0/stm32cubeide/plugins/com.st.stm32cube.ide.mcu.externaltools.gnu-tools-for-stm32.10.3-2021.10.win32_1.0.0.202111181127/tools/bin/../lib/gcc/arm-none-eabi/10.3.1/../../../../arm-none-eabi/lib/thumb/v7e-m+fp/hard\libnosys.a
END GROUP
LOAD c:/st/stm32cubeide_1.10.0/stm32cubeide/plugins/com.st.stm32cube.ide.mcu.externaltools.gnu-tools-for-stm32.10.3-2021.10.win32_1.0.0.202111181127/tools/bin/../lib/gcc/arm-none-eabi/10.3.1/thumb/v7e-m+fp/hard/crtend.o
LOAD c:/st/stm32cubeide_1.10.0/stm32cubeide/plugins/com.st.stm32cube.ide.mcu.externaltools.gnu-tools-for-stm32.10.3-2021.10.win32_1.0.0.202111181127/tools/bin/../lib/gcc/arm-none-eabi/10.3.1/thumb/v7e-m+fp/hard/crtn.o
                0x0000000020020000                _estack = (ORIGIN (RAM) + LENGTH (RAM))
                0x0000000000000200                _Min_Heap_Size = 0x200
                0x0000000000000400                _Min_Stack_Size = 0x400

.isr_vector     0x0000000008000000      0x198
                0x0000000008000000                . = ALIGN (0x4)
 *(.isr_vector)
 .isr_vector    0x0000000008000000      0x198 ./Core/Startup/startup_stm32f411retx.o
                0x0000000008000000                g_pfnVectors
                0x0000000008000198                . = ALIGN (0x4)

.text           0x0000000008000198     0x6d50
                0x0000000008000198                . = ALIGN (0x4)
 *(.text)
 .text          0x0000000008000198       0x40 c:/st/stm32cubeide_1.10.0/stm32cubeide/plugins/com.st.stm32cube.ide.mcu.externaltools.gnu-tools-for-stm32.10.3-2021.10.win32_1.0.0.202111181127/tools/bin/../lib/gcc/arm-none-eabi/10.3.1/thumb/v7e-m+fp/hard/crtbegin.o
 .text          0x00000000080001d8       0x30 c:/st/stm32cubeide_1.10.0/stm32cubeide/plugins/com.st.stm32cube.ide.mcu.externaltools.gnu-tools-for-stm32.10.3-2021.10.win32_1.0.0.202111181127/tools/bin/../lib/gcc/arm-none-eabi/10.3.1/thumb/v7e-m+fp/hard\libgcc.a(_aeabi_uldivmod.o)
                0x00000000080001d8                __aeabi_uldivmod
 .text          0x0000000008000208      0x2d0 c:/st/stm32cubeide_1.10.0/stm32cubeide/plugins/com.st.stm32cube.ide.mcu.externaltools.gnu-tools-for-stm32.10.3-2021.10.win32_1.0.0.202111181127/tools/bin/../lib/gcc/arm-none-eabi/10.3.1/thumb/v7e-m+fp/hard\libgcc.a(_udivmoddi4.o)
                0x0000000008000208                __udivmoddi4
 .text          0x00000000080004d8        0x4 c:/st/stm32cubeide_1.10.0/stm32cubeide/plugins/com.st.stm32cube.ide.mcu.externaltools.gnu-tools-for-stm32.10.3-2021.10.win32_1.0.0.202111181127/tools/bin/../lib/gcc/arm-none-eabi/10.3.1/thumb/v7e-m+fp/hard\libgcc.a(_dvmd_tls.o)
                0x00000000080004d8                __aeabi_idiv0
                0x00000000080004d8                __aeabi_ldiv0
 *(.text*)
 .text.NRF24_DelayMicroSeconds
                0x00000000080004dc       0x44 ./Core/Src/MY_NRF24.o
                0x00000000080004dc                NRF24_DelayMicroSeconds
 .text.NRF24_csn
                0x0000000008000520       0x40 ./Core/Src/MY_NRF24.o
                0x0000000008000520                NRF24_csn
 .text.NRF24_ce
                0x0000000008000560       0x3c ./Core/Src/MY_NRF24.o
                0x0000000008000560                NRF24_ce
 .text.NRF24_read_register
                0x000000000800059c       0x50 ./Core/Src/MY_NRF24.o
                0x000000000800059c                NRF24_read_register
 .text.NRF24_read_registerN
                0x00000000080005ec       0x50 ./Core/Src/MY_NRF24.o
                0x00000000080005ec                NRF24_read_registerN
 .text.NRF24_write_register
                0x000000000800063c       0x44 ./Core/Src/MY_NRF24.o
                0x000000000800063c                NRF24_write_register
 .text.NRF24_write_registerN
                0x0000000008000680       0x50 ./Core/Src/MY_NRF24.o
                0x0000000008000680                NRF24_write_registerN
 .text.NRF24_write_payload
                0x00000000080006d0       0x44 ./Core/Src/MY_NRF24.o
                0x00000000080006d0                NRF24_write_payload
 .text.NRF24_read_payload
                0x0000000008000714       0x60 ./Core/Src/MY_NRF24.o
                0x0000000008000714                NRF24_read_payload
 .text.NRF24_flush_tx
                0x0000000008000774       0x10 ./Core/Src/MY_NRF24.o
                0x0000000008000774                NRF24_flush_tx
 .text.NRF24_flush_rx
                0x0000000008000784       0x10 ./Core/Src/MY_NRF24.o
                0x0000000008000784                NRF24_flush_rx
 .text.NRF24_get_status
                0x0000000008000794       0x1a ./Core/Src/MY_NRF24.o
                0x0000000008000794                NRF24_get_status
 *fill*         0x00000000080007ae        0x2 
 .text.NRF24_begin
                0x00000000080007b0      0x1bc ./Core/Src/MY_NRF24.o
                0x00000000080007b0                NRF24_begin
 .text.NRF24_stopListening
                0x000000000800096c       0x16 ./Core/Src/MY_NRF24.o
                0x000000000800096c                NRF24_stopListening
 *fill*         0x0000000008000982        0x2 
 .text.NRF24_write
                0x0000000008000984       0x98 ./Core/Src/MY_NRF24.o
                0x0000000008000984                NRF24_write
 .text.NRF24_available
                0x0000000008000a1c       0x10 ./Core/Src/MY_NRF24.o
                0x0000000008000a1c                NRF24_available
 .text.NRF24_read
                0x0000000008000a2c       0x40 ./Core/Src/MY_NRF24.o
                0x0000000008000a2c                NRF24_read
 .text.NRF24_openWritingPipe
                0x0000000008000a6c       0x48 ./Core/Src/MY_NRF24.o
                0x0000000008000a6c                NRF24_openWritingPipe
 .text.NRF24_setRetries
                0x0000000008000ab4       0x36 ./Core/Src/MY_NRF24.o
                0x0000000008000ab4                NRF24_setRetries
 .text.NRF24_setChannel
                0x0000000008000aea       0x2a ./Core/Src/MY_NRF24.o
                0x0000000008000aea                NRF24_setChannel
 .text.NRF24_setPayloadSize
                0x0000000008000b14       0x30 ./Core/Src/MY_NRF24.o
                0x0000000008000b14                NRF24_setPayloadSize
 .text.NRF24_getPayloadSize
                0x0000000008000b44       0x18 ./Core/Src/MY_NRF24.o
                0x0000000008000b44                NRF24_getPayloadSize
 .text.NRF24_getDynamicPayloadSize
                0x0000000008000b5c       0x10 ./Core/Src/MY_NRF24.o
                0x0000000008000b5c                NRF24_getDynamicPayloadSize
 .text.NRF24_enableAckPayload
                0x0000000008000b6c       0x5a ./Core/Src/MY_NRF24.o
                0x0000000008000b6c                NRF24_enableAckPayload
 *fill*         0x0000000008000bc6        0x2 
 .text.NRF24_enableDynamicPayloads
                0x0000000008000bc8       0x64 ./Core/Src/MY_NRF24.o
                0x0000000008000bc8                NRF24_enableDynamicPayloads
 .text.NRF24_disableDynamicPayloads
                0x0000000008000c2c       0x30 ./Core/Src/MY_NRF24.o
                0x0000000008000c2c                NRF24_disableDynamicPayloads
 .text.NRF24_setAutoAck
                0x0000000008000c5c       0x2a ./Core/Src/MY_NRF24.o
                0x0000000008000c5c                NRF24_setAutoAck
 .text.NRF24_setPALevel
                0x0000000008000c86       0x72 ./Core/Src/MY_NRF24.o
                0x0000000008000c86                NRF24_setPALevel
 .text.NRF24_setDataRate
                0x0000000008000cf8       0x8c ./Core/Src/MY_NRF24.o
                0x0000000008000cf8                NRF24_setDataRate
 .text.NRF24_setCRCLength
                0x0000000008000d84       0x50 ./Core/Src/MY_NRF24.o
                0x0000000008000d84                NRF24_setCRCLength
 .text.NRF24_powerDown
                0x0000000008000dd4       0x1e ./Core/Src/MY_NRF24.o
                0x0000000008000dd4                NRF24_powerDown
 .text.NRF24_availablePipe
                0x0000000008000df2       0x60 ./Core/Src/MY_NRF24.o
                0x0000000008000df2                NRF24_availablePipe
 .text.NRF24_startWrite
                0x0000000008000e52       0x5e ./Core/Src/MY_NRF24.o
                0x0000000008000e52                NRF24_startWrite
 .text.NRF24_whatHappened
                0x0000000008000eb0       0x66 ./Core/Src/MY_NRF24.o
                0x0000000008000eb0                NRF24_whatHappened
 .text.NRF24_resetStatus
                0x0000000008000f16       0x10 ./Core/Src/MY_NRF24.o
                0x0000000008000f16                NRF24_resetStatus
 *fill*         0x0000000008000f26        0x2 
 .text.NRF24_ACTIVATE_cmd
                0x0000000008000f28       0x34 ./Core/Src/MY_NRF24.o
                0x0000000008000f28                NRF24_ACTIVATE_cmd
 .text.ADC_Select_CH4
                0x0000000008000f5c       0x40 ./Core/Src/main.o
                0x0000000008000f5c                ADC_Select_CH4
 .text.ADC_Select_CH5
                0x0000000008000f9c       0x40 ./Core/Src/main.o
                0x0000000008000f9c                ADC_Select_CH5
 .text.ADC_Select_CH6
                0x0000000008000fdc       0x40 ./Core/Src/main.o
                0x0000000008000fdc                ADC_Select_CH6
 .text.ADC_Select_CH7
                0x000000000800101c       0x40 ./Core/Src/main.o
                0x000000000800101c                ADC_Select_CH7
 .text.ADC_Select_CH8
                0x000000000800105c       0x40 ./Core/Src/main.o
                0x000000000800105c                ADC_Select_CH8
 .text.ADC_Select_CH9
                0x000000000800109c       0x40 ./Core/Src/main.o
                0x000000000800109c                ADC_Select_CH9
 .text.ADC_Select_CH10
                0x00000000080010dc       0x40 ./Core/Src/main.o
                0x00000000080010dc                ADC_Select_CH10
 .text.ADC_Select_CH11
                0x000000000800111c       0x40 ./Core/Src/main.o
                0x000000000800111c                ADC_Select_CH11
 .text.ADC_Select_CH12
                0x000000000800115c       0x40 ./Core/Src/main.o
                0x000000000800115c                ADC_Select_CH12
 .text.ADC_Select_CH13
                0x000000000800119c       0x40 ./Core/Src/main.o
                0x000000000800119c                ADC_Select_CH13
 .text.ADC_Select_CH14
                0x00000000080011dc       0x40 ./Core/Src/main.o
                0x00000000080011dc                ADC_Select_CH14
 .text.ADC_Select_CH15
                0x000000000800121c       0x40 ./Core/Src/main.o
                0x000000000800121c                ADC_Select_CH15
 .text.Read_Adc
                0x000000000800125c      0x254 ./Core/Src/main.o
                0x000000000800125c                Read_Adc
 .text.Compute_PWM
                0x00000000080014b0      0x258 ./Core/Src/main.o
                0x00000000080014b0                Compute_PWM
 .text.main     0x0000000008001708       0xd0 ./Core/Src/main.o
                0x0000000008001708                main
 .text.SystemClock_Config
                0x00000000080017d8       0xd0 ./Core/Src/main.o
                0x00000000080017d8                SystemClock_Config
 .text.MX_ADC1_Init
                0x00000000080018a8      0x1d8 ./Core/Src/main.o
 .text.MX_SPI3_Init
                0x0000000008001a80       0x6c ./Core/Src/main.o
 .text.MX_TIM1_Init
                0x0000000008001aec      0x150 ./Core/Src/main.o
 .text.MX_TIM2_Init
                0x0000000008001c3c       0xf4 ./Core/Src/main.o
 .text.MX_TIM3_Init
                0x0000000008001d30       0xf4 ./Core/Src/main.o
 .text.MX_TIM4_Init
                0x0000000008001e24       0xf4 ./Core/Src/main.o
 .text.MX_USART6_UART_Init
                0x0000000008001f18       0x54 ./Core/Src/main.o
 .text.MX_GPIO_Init
                0x0000000008001f6c      0x188 ./Core/Src/main.o
 .text.IIR_FILTER_CH4
                0x00000000080020f4      0x100 ./Core/Src/main.o
                0x00000000080020f4                IIR_FILTER_CH4
 .text.IIR_FILTER_CH5
                0x00000000080021f4      0x100 ./Core/Src/main.o
                0x00000000080021f4                IIR_FILTER_CH5
 .text.IIR_FILTER_CH6
                0x00000000080022f4      0x100 ./Core/Src/main.o
                0x00000000080022f4                IIR_FILTER_CH6
 .text.IIR_FILTER_CH7
                0x00000000080023f4      0x100 ./Core/Src/main.o
                0x00000000080023f4                IIR_FILTER_CH7
 .text.IIR_FILTER_CH8
                0x00000000080024f4      0x100 ./Core/Src/main.o
                0x00000000080024f4                IIR_FILTER_CH8
 .text.IIR_FILTER_CH9
                0x00000000080025f4      0x100 ./Core/Src/main.o
                0x00000000080025f4                IIR_FILTER_CH9
 .text.IIR_FILTER_CH10
                0x00000000080026f4      0x100 ./Core/Src/main.o
                0x00000000080026f4                IIR_FILTER_CH10
 .text.IIR_FILTER_CH11
                0x00000000080027f4      0x100 ./Core/Src/main.o
                0x00000000080027f4                IIR_FILTER_CH11
 .text.IIR_FILTER_CH12
                0x00000000080028f4      0x100 ./Core/Src/main.o
                0x00000000080028f4                IIR_FILTER_CH12
 .text.IIR_FILTER_CH13
                0x00000000080029f4      0x100 ./Core/Src/main.o
                0x00000000080029f4                IIR_FILTER_CH13
 .text.IIR_FILTER_CH14
                0x0000000008002af4      0x100 ./Core/Src/main.o
                0x0000000008002af4                IIR_FILTER_CH14
 .text.IIR_FILTER_CH15
                0x0000000008002bf4      0x100 ./Core/Src/main.o
                0x0000000008002bf4                IIR_FILTER_CH15
 .text.Error_Handler
                0x0000000008002cf4        0xa ./Core/Src/main.o
                0x0000000008002cf4                Error_Handler
 *fill*         0x0000000008002cfe        0x2 
 .text.HAL_MspInit
                0x0000000008002d00       0x50 ./Core/Src/stm32f4xx_hal_msp.o
                0x0000000008002d00                HAL_MspInit
 .text.HAL_ADC_MspInit
                0x0000000008002d50       0xf8 ./Core/Src/stm32f4xx_hal_msp.o
                0x0000000008002d50                HAL_ADC_MspInit
 .text.HAL_SPI_MspInit
                0x0000000008002e48       0x90 ./Core/Src/stm32f4xx_hal_msp.o
                0x0000000008002e48                HAL_SPI_MspInit
 .text.HAL_TIM_PWM_MspInit
                0x0000000008002ed8       0xc4 ./Core/Src/stm32f4xx_hal_msp.o
                0x0000000008002ed8                HAL_TIM_PWM_MspInit
 .text.HAL_TIM_MspPostInit
                0x0000000008002f9c      0x19c ./Core/Src/stm32f4xx_hal_msp.o
                0x0000000008002f9c                HAL_TIM_MspPostInit
 .text.HAL_UART_MspInit
                0x0000000008003138       0xa0 ./Core/Src/stm32f4xx_hal_msp.o
                0x0000000008003138                HAL_UART_MspInit
 .text.NMI_Handler
                0x00000000080031d8        0x6 ./Core/Src/stm32f4xx_it.o
                0x00000000080031d8                NMI_Handler
 .text.HardFault_Handler
                0x00000000080031de        0x6 ./Core/Src/stm32f4xx_it.o
                0x00000000080031de                HardFault_Handler
 .text.MemManage_Handler
                0x00000000080031e4        0x6 ./Core/Src/stm32f4xx_it.o
                0x00000000080031e4                MemManage_Handler
 .text.BusFault_Handler
                0x00000000080031ea        0x6 ./Core/Src/stm32f4xx_it.o
                0x00000000080031ea                BusFault_Handler
 .text.UsageFault_Handler
                0x00000000080031f0        0x6 ./Core/Src/stm32f4xx_it.o
                0x00000000080031f0                UsageFault_Handler
 .text.SVC_Handler
                0x00000000080031f6        0xe ./Core/Src/stm32f4xx_it.o
                0x00000000080031f6                SVC_Handler
 .text.DebugMon_Handler
                0x0000000008003204        0xe ./Core/Src/stm32f4xx_it.o
                0x0000000008003204                DebugMon_Handler
 .text.PendSV_Handler
                0x0000000008003212        0xe ./Core/Src/stm32f4xx_it.o
                0x0000000008003212                PendSV_Handler
 .text.SysTick_Handler
                0x0000000008003220        0xc ./Core/Src/stm32f4xx_it.o
                0x0000000008003220                SysTick_Handler
 .text.USART6_IRQHandler
                0x000000000800322c       0x14 ./Core/Src/stm32f4xx_it.o
                0x000000000800322c                USART6_IRQHandler
 .text.SystemInit
                0x0000000008003240       0x24 ./Core/Src/system_stm32f4xx.o
                0x0000000008003240                SystemInit
 .text.Reset_Handler
                0x0000000008003264       0x50 ./Core/Startup/startup_stm32f411retx.o
                0x0000000008003264                Reset_Handler
 .text.Default_Handler
                0x00000000080032b4        0x2 ./Core/Startup/startup_stm32f411retx.o
                0x00000000080032b4                RTC_Alarm_IRQHandler
                0x00000000080032b4                EXTI2_IRQHandler
                0x00000000080032b4                SPI4_IRQHandler
                0x00000000080032b4                TIM1_CC_IRQHandler
                0x00000000080032b4                DMA2_Stream5_IRQHandler
                0x00000000080032b4                DMA1_Stream5_IRQHandler
                0x00000000080032b4                PVD_IRQHandler
                0x00000000080032b4                SDIO_IRQHandler
                0x00000000080032b4                TAMP_STAMP_IRQHandler
                0x00000000080032b4                EXTI3_IRQHandler
                0x00000000080032b4                TIM1_UP_TIM10_IRQHandler
                0x00000000080032b4                I2C3_ER_IRQHandler
                0x00000000080032b4                EXTI0_IRQHandler
                0x00000000080032b4                I2C2_EV_IRQHandler
                0x00000000080032b4                DMA1_Stream2_IRQHandler
                0x00000000080032b4                FPU_IRQHandler
                0x00000000080032b4                DMA2_Stream2_IRQHandler
                0x00000000080032b4                SPI1_IRQHandler
                0x00000000080032b4                TIM1_BRK_TIM9_IRQHandler
                0x00000000080032b4                DMA2_Stream3_IRQHandler
                0x00000000080032b4                DMA2_Stream0_IRQHandler
                0x00000000080032b4                TIM4_IRQHandler
                0x00000000080032b4                I2C1_EV_IRQHandler
                0x00000000080032b4                DMA1_Stream6_IRQHandler
                0x00000000080032b4                DMA1_Stream1_IRQHandler
                0x00000000080032b4                TIM3_IRQHandler
                0x00000000080032b4                RCC_IRQHandler
                0x00000000080032b4                Default_Handler
                0x00000000080032b4                EXTI15_10_IRQHandler
                0x00000000080032b4                ADC_IRQHandler
                0x00000000080032b4                DMA1_Stream7_IRQHandler
                0x00000000080032b4                SPI5_IRQHandler
                0x00000000080032b4                TIM5_IRQHandler
                0x00000000080032b4                DMA2_Stream7_IRQHandler
                0x00000000080032b4                I2C3_EV_IRQHandler
                0x00000000080032b4                EXTI9_5_IRQHandler
                0x00000000080032b4                RTC_WKUP_IRQHandler
                0x00000000080032b4                SPI2_IRQHandler
                0x00000000080032b4                DMA1_Stream0_IRQHandler
                0x00000000080032b4                EXTI4_IRQHandler
                0x00000000080032b4                WWDG_IRQHandler
                0x00000000080032b4                TIM2_IRQHandler
                0x00000000080032b4                OTG_FS_WKUP_IRQHandler
                0x00000000080032b4                TIM1_TRG_COM_TIM11_IRQHandler
                0x00000000080032b4                EXTI1_IRQHandler
                0x00000000080032b4                USART2_IRQHandler
                0x00000000080032b4                I2C2_ER_IRQHandler
                0x00000000080032b4                DMA2_Stream1_IRQHandler
                0x00000000080032b4                FLASH_IRQHandler
                0x00000000080032b4                DMA2_Stream4_IRQHandler
                0x00000000080032b4                USART1_IRQHandler
                0x00000000080032b4                OTG_FS_IRQHandler
                0x00000000080032b4                SPI3_IRQHandler
                0x00000000080032b4                DMA1_Stream4_IRQHandler
                0x00000000080032b4                I2C1_ER_IRQHandler
                0x00000000080032b4                DMA2_Stream6_IRQHandler
                0x00000000080032b4                DMA1_Stream3_IRQHandler
 *fill*         0x00000000080032b6        0x2 
 .text.HAL_Init
                0x00000000080032b8       0x44 ./Drivers/STM32F4xx_HAL_Driver/Src/stm32f4xx_hal.o
                0x00000000080032b8                HAL_Init
 .text.HAL_InitTick
                0x00000000080032fc       0x60 ./Drivers/STM32F4xx_HAL_Driver/Src/stm32f4xx_hal.o
                0x00000000080032fc                HAL_InitTick
 .text.HAL_IncTick
                0x000000000800335c       0x28 ./Drivers/STM32F4xx_HAL_Driver/Src/stm32f4xx_hal.o
                0x000000000800335c                HAL_IncTick
 .text.HAL_GetTick
                0x0000000008003384       0x18 ./Drivers/STM32F4xx_HAL_Driver/Src/stm32f4xx_hal.o
                0x0000000008003384                HAL_GetTick
 .text.HAL_Delay
                0x000000000800339c       0x48 ./Drivers/STM32F4xx_HAL_Driver/Src/stm32f4xx_hal.o
                0x000000000800339c                HAL_Delay
 .text.HAL_ADC_Init
                0x00000000080033e4       0x86 ./Drivers/STM32F4xx_HAL_Driver/Src/stm32f4xx_hal_adc.o
                0x00000000080033e4                HAL_ADC_Init
 *fill*         0x000000000800346a        0x2 
 .text.HAL_ADC_Start
                0x000000000800346c      0x168 ./Drivers/STM32F4xx_HAL_Driver/Src/stm32f4xx_hal_adc.o
                0x000000000800346c                HAL_ADC_Start
 .text.HAL_ADC_Stop
                0x00000000080035d4       0x66 ./Drivers/STM32F4xx_HAL_Driver/Src/stm32f4xx_hal_adc.o
                0x00000000080035d4                HAL_ADC_Stop
 .text.HAL_ADC_PollForConversion
                0x000000000800363a      0x116 ./Drivers/STM32F4xx_HAL_Driver/Src/stm32f4xx_hal_adc.o
                0x000000000800363a                HAL_ADC_PollForConversion
 .text.HAL_ADC_GetValue
                0x0000000008003750       0x1a ./Drivers/STM32F4xx_HAL_Driver/Src/stm32f4xx_hal_adc.o
                0x0000000008003750                HAL_ADC_GetValue
 *fill*         0x000000000800376a        0x2 
 .text.HAL_ADC_ConfigChannel
                0x000000000800376c      0x264 ./Drivers/STM32F4xx_HAL_Driver/Src/stm32f4xx_hal_adc.o
                0x000000000800376c                HAL_ADC_ConfigChannel
 .text.ADC_Init
                0x00000000080039d0      0x1f8 ./Drivers/STM32F4xx_HAL_Driver/Src/stm32f4xx_hal_adc.o
 .text.__NVIC_SetPriorityGrouping
                0x0000000008003bc8       0x48 ./Drivers/STM32F4xx_HAL_Driver/Src/stm32f4xx_hal_cortex.o
 .text.__NVIC_GetPriorityGrouping
                0x0000000008003c10       0x1c ./Drivers/STM32F4xx_HAL_Driver/Src/stm32f4xx_hal_cortex.o
 .text.__NVIC_EnableIRQ
                0x0000000008003c2c       0x3c ./Drivers/STM32F4xx_HAL_Driver/Src/stm32f4xx_hal_cortex.o
 .text.__NVIC_SetPriority
                0x0000000008003c68       0x54 ./Drivers/STM32F4xx_HAL_Driver/Src/stm32f4xx_hal_cortex.o
 .text.NVIC_EncodePriority
                0x0000000008003cbc       0x66 ./Drivers/STM32F4xx_HAL_Driver/Src/stm32f4xx_hal_cortex.o
 *fill*         0x0000000008003d22        0x2 
 .text.SysTick_Config
                0x0000000008003d24       0x44 ./Drivers/STM32F4xx_HAL_Driver/Src/stm32f4xx_hal_cortex.o
 .text.HAL_NVIC_SetPriorityGrouping
                0x0000000008003d68       0x16 ./Drivers/STM32F4xx_HAL_Driver/Src/stm32f4xx_hal_cortex.o
                0x0000000008003d68                HAL_NVIC_SetPriorityGrouping
 .text.HAL_NVIC_SetPriority
                0x0000000008003d7e       0x38 ./Drivers/STM32F4xx_HAL_Driver/Src/stm32f4xx_hal_cortex.o
                0x0000000008003d7e                HAL_NVIC_SetPriority
 .text.HAL_NVIC_EnableIRQ
                0x0000000008003db6       0x1c ./Drivers/STM32F4xx_HAL_Driver/Src/stm32f4xx_hal_cortex.o
                0x0000000008003db6                HAL_NVIC_EnableIRQ
 .text.HAL_SYSTICK_Config
                0x0000000008003dd2       0x18 ./Drivers/STM32F4xx_HAL_Driver/Src/stm32f4xx_hal_cortex.o
                0x0000000008003dd2                HAL_SYSTICK_Config
 .text.HAL_DMA_Abort
                0x0000000008003dea       0xe0 ./Drivers/STM32F4xx_HAL_Driver/Src/stm32f4xx_hal_dma.o
                0x0000000008003dea                HAL_DMA_Abort
 .text.HAL_DMA_Abort_IT
                0x0000000008003eca       0x44 ./Drivers/STM32F4xx_HAL_Driver/Src/stm32f4xx_hal_dma.o
                0x0000000008003eca                HAL_DMA_Abort_IT
 *fill*         0x0000000008003f0e        0x2 
 .text.HAL_GPIO_Init
                0x0000000008003f10      0x308 ./Drivers/STM32F4xx_HAL_Driver/Src/stm32f4xx_hal_gpio.o
                0x0000000008003f10                HAL_GPIO_Init
 .text.HAL_GPIO_WritePin
                0x0000000008004218       0x32 ./Drivers/STM32F4xx_HAL_Driver/Src/stm32f4xx_hal_gpio.o
                0x0000000008004218                HAL_GPIO_WritePin
 *fill*         0x000000000800424a        0x2 
 .text.HAL_RCC_OscConfig
                0x000000000800424c      0x4f0 ./Drivers/STM32F4xx_HAL_Driver/Src/stm32f4xx_hal_rcc.o
                0x000000000800424c                HAL_RCC_OscConfig
 .text.HAL_RCC_ClockConfig
                0x000000000800473c      0x1cc ./Drivers/STM32F4xx_HAL_Driver/Src/stm32f4xx_hal_rcc.o
                0x000000000800473c                HAL_RCC_ClockConfig
 .text.HAL_RCC_GetSysClockFreq
                0x0000000008004908      0x20c ./Drivers/STM32F4xx_HAL_Driver/Src/stm32f4xx_hal_rcc.o
                0x0000000008004908                HAL_RCC_GetSysClockFreq
 .text.HAL_RCC_GetHCLKFreq
                0x0000000008004b14       0x18 ./Drivers/STM32F4xx_HAL_Driver/Src/stm32f4xx_hal_rcc.o
                0x0000000008004b14                HAL_RCC_GetHCLKFreq
 .text.HAL_RCC_GetPCLK1Freq
                0x0000000008004b2c       0x28 ./Drivers/STM32F4xx_HAL_Driver/Src/stm32f4xx_hal_rcc.o
                0x0000000008004b2c                HAL_RCC_GetPCLK1Freq
 .text.HAL_RCC_GetPCLK2Freq
                0x0000000008004b54       0x28 ./Drivers/STM32F4xx_HAL_Driver/Src/stm32f4xx_hal_rcc.o
                0x0000000008004b54                HAL_RCC_GetPCLK2Freq
 .text.HAL_SPI_Init
                0x0000000008004b7c      0x112 ./Drivers/STM32F4xx_HAL_Driver/Src/stm32f4xx_hal_spi.o
                0x0000000008004b7c                HAL_SPI_Init
 .text.HAL_SPI_Transmit
                0x0000000008004c8e      0x278 ./Drivers/STM32F4xx_HAL_Driver/Src/stm32f4xx_hal_spi.o
                0x0000000008004c8e                HAL_SPI_Transmit
 .text.HAL_SPI_Receive
                0x0000000008004f06      0x222 ./Drivers/STM32F4xx_HAL_Driver/Src/stm32f4xx_hal_spi.o
                0x0000000008004f06                HAL_SPI_Receive
 .text.HAL_SPI_TransmitReceive
                0x0000000008005128      0x344 ./Drivers/STM32F4xx_HAL_Driver/Src/stm32f4xx_hal_spi.o
                0x0000000008005128                HAL_SPI_TransmitReceive
 .text.SPI_WaitFlagStateUntilTimeout
                0x000000000800546c      0x110 ./Drivers/STM32F4xx_HAL_Driver/Src/stm32f4xx_hal_spi.o
 .text.SPI_EndRxTransaction
                0x000000000800557c       0xca ./Drivers/STM32F4xx_HAL_Driver/Src/stm32f4xx_hal_spi.o
 *fill*         0x0000000008005646        0x2 
 .text.SPI_EndRxTxTransaction
                0x0000000008005648       0x84 ./Drivers/STM32F4xx_HAL_Driver/Src/stm32f4xx_hal_spi.o
 .text.HAL_TIM_PWM_Init
                0x00000000080056cc       0x9e ./Drivers/STM32F4xx_HAL_Driver/Src/stm32f4xx_hal_tim.o
                0x00000000080056cc                HAL_TIM_PWM_Init
 *fill*         0x000000000800576a        0x2 
 .text.HAL_TIM_PWM_Start
                0x000000000800576c      0x160 ./Drivers/STM32F4xx_HAL_Driver/Src/stm32f4xx_hal_tim.o
                0x000000000800576c                HAL_TIM_PWM_Start
 .text.HAL_TIM_PWM_ConfigChannel
                0x00000000080058cc      0x184 ./Drivers/STM32F4xx_HAL_Driver/Src/stm32f4xx_hal_tim.o
                0x00000000080058cc                HAL_TIM_PWM_ConfigChannel
 .text.TIM_Base_SetConfig
                0x0000000008005a50      0x100 ./Drivers/STM32F4xx_HAL_Driver/Src/stm32f4xx_hal_tim.o
                0x0000000008005a50                TIM_Base_SetConfig
 .text.TIM_OC1_SetConfig
                0x0000000008005b50       0xcc ./Drivers/STM32F4xx_HAL_Driver/Src/stm32f4xx_hal_tim.o
 .text.TIM_OC2_SetConfig
                0x0000000008005c1c       0xd8 ./Drivers/STM32F4xx_HAL_Driver/Src/stm32f4xx_hal_tim.o
                0x0000000008005c1c                TIM_OC2_SetConfig
 .text.TIM_OC3_SetConfig
                0x0000000008005cf4       0xd4 ./Drivers/STM32F4xx_HAL_Driver/Src/stm32f4xx_hal_tim.o
 .text.TIM_OC4_SetConfig
                0x0000000008005dc8       0xa0 ./Drivers/STM32F4xx_HAL_Driver/Src/stm32f4xx_hal_tim.o
 .text.TIM_CCxChannelCmd
                0x0000000008005e68       0x4a ./Drivers/STM32F4xx_HAL_Driver/Src/stm32f4xx_hal_tim.o
                0x0000000008005e68                TIM_CCxChannelCmd
 *fill*         0x0000000008005eb2        0x2 
 .text.HAL_TIMEx_MasterConfigSynchronization
                0x0000000008005eb4       0xdc ./Drivers/STM32F4xx_HAL_Driver/Src/stm32f4xx_hal_tim_ex.o
                0x0000000008005eb4                HAL_TIMEx_MasterConfigSynchronization
 .text.HAL_TIMEx_ConfigBreakDeadTime
                0x0000000008005f90       0xa4 ./Drivers/STM32F4xx_HAL_Driver/Src/stm32f4xx_hal_tim_ex.o
                0x0000000008005f90                HAL_TIMEx_ConfigBreakDeadTime
 .text.HAL_UART_Init
                0x0000000008006034       0x9a ./Drivers/STM32F4xx_HAL_Driver/Src/stm32f4xx_hal_uart.o
                0x0000000008006034                HAL_UART_Init
 *fill*         0x00000000080060ce        0x2 
 .text.HAL_UART_IRQHandler
                0x00000000080060d0      0x51c ./Drivers/STM32F4xx_HAL_Driver/Src/stm32f4xx_hal_uart.o
                0x00000000080060d0                HAL_UART_IRQHandler
 .text.HAL_UART_TxCpltCallback
                0x00000000080065ec       0x14 ./Drivers/STM32F4xx_HAL_Driver/Src/stm32f4xx_hal_uart.o
                0x00000000080065ec                HAL_UART_TxCpltCallback
 .text.HAL_UART_RxCpltCallback
                0x0000000008006600       0x14 ./Drivers/STM32F4xx_HAL_Driver/Src/stm32f4xx_hal_uart.o
                0x0000000008006600                HAL_UART_RxCpltCallback
 .text.HAL_UART_ErrorCallback
                0x0000000008006614       0x14 ./Drivers/STM32F4xx_HAL_Driver/Src/stm32f4xx_hal_uart.o
                0x0000000008006614                HAL_UART_ErrorCallback
 .text.HAL_UARTEx_RxEventCallback
                0x0000000008006628       0x18 ./Drivers/STM32F4xx_HAL_Driver/Src/stm32f4xx_hal_uart.o
                0x0000000008006628                HAL_UARTEx_RxEventCallback
 .text.UART_EndRxTransfer
                0x0000000008006640       0xc6 ./Drivers/STM32F4xx_HAL_Driver/Src/stm32f4xx_hal_uart.o
 .text.UART_DMAAbortOnError
                0x0000000008006706       0x28 ./Drivers/STM32F4xx_HAL_Driver/Src/stm32f4xx_hal_uart.o
 .text.UART_Transmit_IT
                0x000000000800672e       0xa0 ./Drivers/STM32F4xx_HAL_Driver/Src/stm32f4xx_hal_uart.o
 .text.UART_EndTransmit_IT
                0x00000000080067ce       0x30 ./Drivers/STM32F4xx_HAL_Driver/Src/stm32f4xx_hal_uart.o
 .text.UART_Receive_IT
                0x00000000080067fe      0x176 ./Drivers/STM32F4xx_HAL_Driver/Src/stm32f4xx_hal_uart.o
 .text.UART_SetConfig
                0x0000000008006974      0x4e8 ./Drivers/STM32F4xx_HAL_Driver/Src/stm32f4xx_hal_uart.o
 .text.__libc_init_array
                0x0000000008006e5c       0x48 c:/st/stm32cubeide_1.10.0/stm32cubeide/plugins/com.st.stm32cube.ide.mcu.externaltools.gnu-tools-for-stm32.10.3-2021.10.win32_1.0.0.202111181127/tools/bin/../lib/gcc/arm-none-eabi/10.3.1/../../../../arm-none-eabi/lib/thumb/v7e-m+fp/hard\libc_nano.a(lib_a-init.o)
                0x0000000008006e5c                __libc_init_array
 .text.memcpy   0x0000000008006ea4       0x1c c:/st/stm32cubeide_1.10.0/stm32cubeide/plugins/com.st.stm32cube.ide.mcu.externaltools.gnu-tools-for-stm32.10.3-2021.10.win32_1.0.0.202111181127/tools/bin/../lib/gcc/arm-none-eabi/10.3.1/../../../../arm-none-eabi/lib/thumb/v7e-m+fp/hard\libc_nano.a(lib_a-memcpy-stub.o)
                0x0000000008006ea4                memcpy
 .text.memset   0x0000000008006ec0       0x10 c:/st/stm32cubeide_1.10.0/stm32cubeide/plugins/com.st.stm32cube.ide.mcu.externaltools.gnu-tools-for-stm32.10.3-2021.10.win32_1.0.0.202111181127/tools/bin/../lib/gcc/arm-none-eabi/10.3.1/../../../../arm-none-eabi/lib/thumb/v7e-m+fp/hard\libc_nano.a(lib_a-memset.o)
                0x0000000008006ec0                memset
 *(.glue_7)
 .glue_7        0x0000000008006ed0        0x0 linker stubs
 *(.glue_7t)
 .glue_7t       0x0000000008006ed0        0x0 linker stubs
 *(.eh_frame)
 .eh_frame      0x0000000008006ed0        0x0 c:/st/stm32cubeide_1.10.0/stm32cubeide/plugins/com.st.stm32cube.ide.mcu.externaltools.gnu-tools-for-stm32.10.3-2021.10.win32_1.0.0.202111181127/tools/bin/../lib/gcc/arm-none-eabi/10.3.1/thumb/v7e-m+fp/hard/crtbegin.o
 *(.init)
 .init          0x0000000008006ed0        0x4 c:/st/stm32cubeide_1.10.0/stm32cubeide/plugins/com.st.stm32cube.ide.mcu.externaltools.gnu-tools-for-stm32.10.3-2021.10.win32_1.0.0.202111181127/tools/bin/../lib/gcc/arm-none-eabi/10.3.1/thumb/v7e-m+fp/hard/crti.o
                0x0000000008006ed0                _init
 .init          0x0000000008006ed4        0x8 c:/st/stm32cubeide_1.10.0/stm32cubeide/plugins/com.st.stm32cube.ide.mcu.externaltools.gnu-tools-for-stm32.10.3-2021.10.win32_1.0.0.202111181127/tools/bin/../lib/gcc/arm-none-eabi/10.3.1/thumb/v7e-m+fp/hard/crtn.o
 *(.fini)
 .fini          0x0000000008006edc        0x4 c:/st/stm32cubeide_1.10.0/stm32cubeide/plugins/com.st.stm32cube.ide.mcu.externaltools.gnu-tools-for-stm32.10.3-2021.10.win32_1.0.0.202111181127/tools/bin/../lib/gcc/arm-none-eabi/10.3.1/thumb/v7e-m+fp/hard/crti.o
                0x0000000008006edc                _fini
 .fini          0x0000000008006ee0        0x8 c:/st/stm32cubeide_1.10.0/stm32cubeide/plugins/com.st.stm32cube.ide.mcu.externaltools.gnu-tools-for-stm32.10.3-2021.10.win32_1.0.0.202111181127/tools/bin/../lib/gcc/arm-none-eabi/10.3.1/thumb/v7e-m+fp/hard/crtn.o
                0x0000000008006ee8                . = ALIGN (0x4)
                0x0000000008006ee8                _etext = .

.vfp11_veneer   0x0000000008006ee8        0x0
 .vfp11_veneer  0x0000000008006ee8        0x0 linker stubs

.v4_bx          0x0000000008006ee8        0x0
 .v4_bx         0x0000000008006ee8        0x0 linker stubs

.iplt           0x0000000008006ee8        0x0
 .iplt          0x0000000008006ee8        0x0 c:/st/stm32cubeide_1.10.0/stm32cubeide/plugins/com.st.stm32cube.ide.mcu.externaltools.gnu-tools-for-stm32.10.3-2021.10.win32_1.0.0.202111181127/tools/bin/../lib/gcc/arm-none-eabi/10.3.1/thumb/v7e-m+fp/hard/crtbegin.o

.rodata         0x0000000008006ee8       0x38
                0x0000000008006ee8                . = ALIGN (0x4)
 *(.rodata)
 .rodata        0x0000000008006ee8       0x20 ./Core/Src/main.o
 *(.rodata*)
 .rodata.AHBPrescTable
                0x0000000008006f08       0x10 ./Core/Src/system_stm32f4xx.o
                0x0000000008006f08                AHBPrescTable
 .rodata.APBPrescTable
                0x0000000008006f18        0x8 ./Core/Src/system_stm32f4xx.o
                0x0000000008006f18                APBPrescTable
                0x0000000008006f20                . = ALIGN (0x4)

.ARM.extab      0x0000000008006f20        0x0
                0x0000000008006f20                . = ALIGN (0x4)
 *(.ARM.extab* .gnu.linkonce.armextab.*)
                0x0000000008006f20                . = ALIGN (0x4)

.ARM            0x0000000008006f20        0x8
                0x0000000008006f20                . = ALIGN (0x4)
                0x0000000008006f20                __exidx_start = .
 *(.ARM.exidx*)
 .ARM.exidx     0x0000000008006f20        0x8 c:/st/stm32cubeide_1.10.0/stm32cubeide/plugins/com.st.stm32cube.ide.mcu.externaltools.gnu-tools-for-stm32.10.3-2021.10.win32_1.0.0.202111181127/tools/bin/../lib/gcc/arm-none-eabi/10.3.1/thumb/v7e-m+fp/hard\libgcc.a(_udivmoddi4.o)
                0x0000000008006f28                __exidx_end = .
                0x0000000008006f28                . = ALIGN (0x4)

.rel.dyn        0x0000000008006f28        0x0
 .rel.iplt      0x0000000008006f28        0x0 c:/st/stm32cubeide_1.10.0/stm32cubeide/plugins/com.st.stm32cube.ide.mcu.externaltools.gnu-tools-for-stm32.10.3-2021.10.win32_1.0.0.202111181127/tools/bin/../lib/gcc/arm-none-eabi/10.3.1/thumb/v7e-m+fp/hard/crtbegin.o

.preinit_array  0x0000000008006f28        0x0
                0x0000000008006f28                . = ALIGN (0x4)
                0x0000000008006f28                PROVIDE (__preinit_array_start = .)
 *(.preinit_array*)
                0x0000000008006f28                PROVIDE (__preinit_array_end = .)
                0x0000000008006f28                . = ALIGN (0x4)

.init_array     0x0000000008006f28        0x4
                0x0000000008006f28                . = ALIGN (0x4)
                0x0000000008006f28                PROVIDE (__init_array_start = .)
 *(SORT_BY_NAME(.init_array.*))
 *(.init_array*)
 .init_array    0x0000000008006f28        0x4 c:/st/stm32cubeide_1.10.0/stm32cubeide/plugins/com.st.stm32cube.ide.mcu.externaltools.gnu-tools-for-stm32.10.3-2021.10.win32_1.0.0.202111181127/tools/bin/../lib/gcc/arm-none-eabi/10.3.1/thumb/v7e-m+fp/hard/crtbegin.o
                0x0000000008006f2c                PROVIDE (__init_array_end = .)
                0x0000000008006f2c                . = ALIGN (0x4)

.fini_array     0x0000000008006f2c        0x4
                0x0000000008006f2c                . = ALIGN (0x4)
                [!provide]                        PROVIDE (__fini_array_start = .)
 *(SORT_BY_NAME(.fini_array.*))
 *(.fini_array*)
 .fini_array    0x0000000008006f2c        0x4 c:/st/stm32cubeide_1.10.0/stm32cubeide/plugins/com.st.stm32cube.ide.mcu.externaltools.gnu-tools-for-stm32.10.3-2021.10.win32_1.0.0.202111181127/tools/bin/../lib/gcc/arm-none-eabi/10.3.1/thumb/v7e-m+fp/hard/crtbegin.o
                [!provide]                        PROVIDE (__fini_array_end = .)
                0x0000000008006f30                . = ALIGN (0x4)
                0x0000000008006f30                _sidata = LOADADDR (.data)

.data           0x0000000020000000       0x14 load address 0x0000000008006f30
                0x0000000020000000                . = ALIGN (0x4)
                0x0000000020000000                _sdata = .
 *(.data)
 *(.data*)
 .data.TxpipeAddrs
                0x0000000020000000        0x8 ./Core/Src/main.o
                0x0000000020000000                TxpipeAddrs
 .data.SystemCoreClock
                0x0000000020000008        0x4 ./Core/Src/system_stm32f4xx.o
                0x0000000020000008                SystemCoreClock
 .data.uwTickPrio
                0x000000002000000c        0x4 ./Drivers/STM32F4xx_HAL_Driver/Src/stm32f4xx_hal.o
                0x000000002000000c                uwTickPrio
 .data.uwTickFreq
                0x0000000020000010        0x1 ./Drivers/STM32F4xx_HAL_Driver/Src/stm32f4xx_hal.o
                0x0000000020000010                uwTickFreq
 *(.RamFunc)
 *(.RamFunc*)
                0x0000000020000014                . = ALIGN (0x4)
 *fill*         0x0000000020000011        0x3 
                0x0000000020000014                _edata = .

.igot.plt       0x0000000020000014        0x0 load address 0x0000000008006f44
 .igot.plt      0x0000000020000014        0x0 c:/st/stm32cubeide_1.10.0/stm32cubeide/plugins/com.st.stm32cube.ide.mcu.externaltools.gnu-tools-for-stm32.10.3-2021.10.win32_1.0.0.202111181127/tools/bin/../lib/gcc/arm-none-eabi/10.3.1/thumb/v7e-m+fp/hard/crtbegin.o
                0x0000000020000014                . = ALIGN (0x4)

.bss            0x0000000020000014      0x45c load address 0x0000000008006f44
                0x0000000020000014                _sbss = .
                0x0000000020000014                __bss_start__ = _sbss
 *(.bss)
 .bss           0x0000000020000014       0x1c c:/st/stm32cubeide_1.10.0/stm32cubeide/plugins/com.st.stm32cube.ide.mcu.externaltools.gnu-tools-for-stm32.10.3-2021.10.win32_1.0.0.202111181127/tools/bin/../lib/gcc/arm-none-eabi/10.3.1/thumb/v7e-m+fp/hard/crtbegin.o
 *(.bss*)
 .bss.ack_payload_available
                0x0000000020000030        0x1 ./Core/Src/MY_NRF24.o
 .bss.ack_payload_length
                0x0000000020000031        0x1 ./Core/Src/MY_NRF24.o
 .bss.payload_size
                0x0000000020000032        0x1 ./Core/Src/MY_NRF24.o
 .bss.dynamic_payloads_enabled
                0x0000000020000033        0x1 ./Core/Src/MY_NRF24.o
 .bss.wide_band
                0x0000000020000034        0x1 ./Core/Src/MY_NRF24.o
 *fill*         0x0000000020000035        0x3 
 .bss.nrf24_PORT
                0x0000000020000038        0x4 ./Core/Src/MY_NRF24.o
 .bss.nrf24_CSN_PIN
                0x000000002000003c        0x2 ./Core/Src/MY_NRF24.o
 .bss.nrf24_CE_PIN
                0x000000002000003e        0x2 ./Core/Src/MY_NRF24.o
 .bss.nrf24_hspi
                0x0000000020000040       0x58 ./Core/Src/MY_NRF24.o
 .bss.FILTERED_PWM
                0x0000000020000098        0xc ./Core/Src/main.o
                0x0000000020000098                FILTERED_PWM
 .bss.ADC_DEGER
                0x00000000200000a4       0x14 ./Core/Src/main.o
                0x00000000200000a4                ADC_DEGER
 .bss.AckPayload
                0x00000000200000b8       0x20 ./Core/Src/main.o
                0x00000000200000b8                AckPayload
 .bss.data      0x00000000200000d8        0xf ./Core/Src/main.o
                0x00000000200000d8                data
 *fill*         0x00000000200000e7        0x1 
 .bss.hadc1     0x00000000200000e8       0x48 ./Core/Src/main.o
                0x00000000200000e8                hadc1
 .bss.hspi3     0x0000000020000130       0x58 ./Core/Src/main.o
                0x0000000020000130                hspi3
 .bss.htim1     0x0000000020000188       0x48 ./Core/Src/main.o
                0x0000000020000188                htim1
 .bss.htim2     0x00000000200001d0       0x48 ./Core/Src/main.o
                0x00000000200001d0                htim2
 .bss.htim3     0x0000000020000218       0x48 ./Core/Src/main.o
                0x0000000020000218                htim3
 .bss.htim4     0x0000000020000260       0x48 ./Core/Src/main.o
                0x0000000020000260                htim4
 .bss.huart6    0x00000000200002a8       0x44 ./Core/Src/main.o
                0x00000000200002a8                huart6
 .bss.x.23      0x00000000200002ec       0x10 ./Core/Src/main.o
 .bss.y.22      0x00000000200002fc       0x10 ./Core/Src/main.o
 .bss.x.21      0x000000002000030c       0x10 ./Core/Src/main.o
 .bss.y.20      0x000000002000031c       0x10 ./Core/Src/main.o
 .bss.x.19      0x000000002000032c       0x10 ./Core/Src/main.o
 .bss.y.18      0x000000002000033c       0x10 ./Core/Src/main.o
 .bss.x.17      0x000000002000034c       0x10 ./Core/Src/main.o
 .bss.y.16      0x000000002000035c       0x10 ./Core/Src/main.o
 .bss.x.15      0x000000002000036c       0x10 ./Core/Src/main.o
 .bss.y.14      0x000000002000037c       0x10 ./Core/Src/main.o
 .bss.x.13      0x000000002000038c       0x10 ./Core/Src/main.o
 .bss.y.12      0x000000002000039c       0x10 ./Core/Src/main.o
 .bss.x.11      0x00000000200003ac       0x10 ./Core/Src/main.o
 .bss.y.10      0x00000000200003bc       0x10 ./Core/Src/main.o
 .bss.x.9       0x00000000200003cc       0x10 ./Core/Src/main.o
 .bss.y.8       0x00000000200003dc       0x10 ./Core/Src/main.o
 .bss.x.7       0x00000000200003ec       0x10 ./Core/Src/main.o
 .bss.y.6       0x00000000200003fc       0x10 ./Core/Src/main.o
 .bss.x.5       0x000000002000040c       0x10 ./Core/Src/main.o
 .bss.y.4       0x000000002000041c       0x10 ./Core/Src/main.o
 .bss.x.3       0x000000002000042c       0x10 ./Core/Src/main.o
 .bss.y.2       0x000000002000043c       0x10 ./Core/Src/main.o
 .bss.x.1       0x000000002000044c       0x10 ./Core/Src/main.o
 .bss.y.0       0x000000002000045c       0x10 ./Core/Src/main.o
 .bss.uwTick    0x000000002000046c        0x4 ./Drivers/STM32F4xx_HAL_Driver/Src/stm32f4xx_hal.o
                0x000000002000046c                uwTick
 *(COMMON)
                0x0000000020000470                . = ALIGN (0x4)
                0x0000000020000470                _ebss = .
                0x0000000020000470                __bss_end__ = _ebss

._user_heap_stack
                0x0000000020000470      0x600 load address 0x0000000008006f44
                0x0000000020000470                . = ALIGN (0x8)
                [!provide]                        PROVIDE (end = .)
                0x0000000020000470                PROVIDE (_end = .)
                0x0000000020000670                . = (. + _Min_Heap_Size)
 *fill*         0x0000000020000470      0x200 
                0x0000000020000a70                . = (. + _Min_Stack_Size)
 *fill*         0x0000000020000670      0x400 
                0x0000000020000a70                . = ALIGN (0x8)

/DISCARD/
 libc.a(*)
 libm.a(*)
 libgcc.a(*)

.ARM.attributes
                0x0000000000000000       0x30
 *(.ARM.attributes)
 .ARM.attributes
                0x0000000000000000       0x1e c:/st/stm32cubeide_1.10.0/stm32cubeide/plugins/com.st.stm32cube.ide.mcu.externaltools.gnu-tools-for-stm32.10.3-2021.10.win32_1.0.0.202111181127/tools/bin/../lib/gcc/arm-none-eabi/10.3.1/thumb/v7e-m+fp/hard/crti.o
 .ARM.attributes
                0x000000000000001e       0x34 c:/st/stm32cubeide_1.10.0/stm32cubeide/plugins/com.st.stm32cube.ide.mcu.externaltools.gnu-tools-for-stm32.10.3-2021.10.win32_1.0.0.202111181127/tools/bin/../lib/gcc/arm-none-eabi/10.3.1/thumb/v7e-m+fp/hard/crtbegin.o
 .ARM.attributes
                0x0000000000000052       0x34 ./Core/Src/MY_NRF24.o
 .ARM.attributes
                0x0000000000000086       0x34 ./Core/Src/main.o
 .ARM.attributes
                0x00000000000000ba       0x34 ./Core/Src/stm32f4xx_hal_msp.o
 .ARM.attributes
                0x00000000000000ee       0x34 ./Core/Src/stm32f4xx_it.o
 .ARM.attributes
                0x0000000000000122       0x34 ./Core/Src/system_stm32f4xx.o
 .ARM.attributes
                0x0000000000000156       0x21 ./Core/Startup/startup_stm32f411retx.o
 .ARM.attributes
                0x0000000000000177       0x34 ./Drivers/STM32F4xx_HAL_Driver/Src/stm32f4xx_hal.o
 .ARM.attributes
                0x00000000000001ab       0x34 ./Drivers/STM32F4xx_HAL_Driver/Src/stm32f4xx_hal_adc.o
 .ARM.attributes
                0x00000000000001df       0x34 ./Drivers/STM32F4xx_HAL_Driver/Src/stm32f4xx_hal_cortex.o
 .ARM.attributes
                0x0000000000000213       0x34 ./Drivers/STM32F4xx_HAL_Driver/Src/stm32f4xx_hal_dma.o
 .ARM.attributes
                0x0000000000000247       0x34 ./Drivers/STM32F4xx_HAL_Driver/Src/stm32f4xx_hal_gpio.o
 .ARM.attributes
                0x000000000000027b       0x34 ./Drivers/STM32F4xx_HAL_Driver/Src/stm32f4xx_hal_rcc.o
 .ARM.attributes
                0x00000000000002af       0x34 ./Drivers/STM32F4xx_HAL_Driver/Src/stm32f4xx_hal_spi.o
 .ARM.attributes
                0x00000000000002e3       0x34 ./Drivers/STM32F4xx_HAL_Driver/Src/stm32f4xx_hal_tim.o
 .ARM.attributes
                0x0000000000000317       0x34 ./Drivers/STM32F4xx_HAL_Driver/Src/stm32f4xx_hal_tim_ex.o
 .ARM.attributes
                0x000000000000034b       0x34 ./Drivers/STM32F4xx_HAL_Driver/Src/stm32f4xx_hal_uart.o
 .ARM.attributes
                0x000000000000037f       0x34 c:/st/stm32cubeide_1.10.0/stm32cubeide/plugins/com.st.stm32cube.ide.mcu.externaltools.gnu-tools-for-stm32.10.3-2021.10.win32_1.0.0.202111181127/tools/bin/../lib/gcc/arm-none-eabi/10.3.1/../../../../arm-none-eabi/lib/thumb/v7e-m+fp/hard\libc_nano.a(lib_a-init.o)
 .ARM.attributes
                0x00000000000003b3       0x34 c:/st/stm32cubeide_1.10.0/stm32cubeide/plugins/com.st.stm32cube.ide.mcu.externaltools.gnu-tools-for-stm32.10.3-2021.10.win32_1.0.0.202111181127/tools/bin/../lib/gcc/arm-none-eabi/10.3.1/../../../../arm-none-eabi/lib/thumb/v7e-m+fp/hard\libc_nano.a(lib_a-memcpy-stub.o)
 .ARM.attributes
                0x00000000000003e7       0x34 c:/st/stm32cubeide_1.10.0/stm32cubeide/plugins/com.st.stm32cube.ide.mcu.externaltools.gnu-tools-for-stm32.10.3-2021.10.win32_1.0.0.202111181127/tools/bin/../lib/gcc/arm-none-eabi/10.3.1/../../../../arm-none-eabi/lib/thumb/v7e-m+fp/hard\libc_nano.a(lib_a-memset.o)
 .ARM.attributes
                0x000000000000041b       0x1e c:/st/stm32cubeide_1.10.0/stm32cubeide/plugins/com.st.stm32cube.ide.mcu.externaltools.gnu-tools-for-stm32.10.3-2021.10.win32_1.0.0.202111181127/tools/bin/../lib/gcc/arm-none-eabi/10.3.1/thumb/v7e-m+fp/hard\libgcc.a(_aeabi_uldivmod.o)
 .ARM.attributes
                0x0000000000000439       0x34 c:/st/stm32cubeide_1.10.0/stm32cubeide/plugins/com.st.stm32cube.ide.mcu.externaltools.gnu-tools-for-stm32.10.3-2021.10.win32_1.0.0.202111181127/tools/bin/../lib/gcc/arm-none-eabi/10.3.1/thumb/v7e-m+fp/hard\libgcc.a(_udivmoddi4.o)
 .ARM.attributes
                0x000000000000046d       0x1e c:/st/stm32cubeide_1.10.0/stm32cubeide/plugins/com.st.stm32cube.ide.mcu.externaltools.gnu-tools-for-stm32.10.3-2021.10.win32_1.0.0.202111181127/tools/bin/../lib/gcc/arm-none-eabi/10.3.1/thumb/v7e-m+fp/hard\libgcc.a(_dvmd_tls.o)
 .ARM.attributes
                0x000000000000048b       0x1e c:/st/stm32cubeide_1.10.0/stm32cubeide/plugins/com.st.stm32cube.ide.mcu.externaltools.gnu-tools-for-stm32.10.3-2021.10.win32_1.0.0.202111181127/tools/bin/../lib/gcc/arm-none-eabi/10.3.1/thumb/v7e-m+fp/hard/crtn.o
OUTPUT(AATX.elf elf32-littlearm)
LOAD linker stubs
LOAD c:/st/stm32cubeide_1.10.0/stm32cubeide/plugins/com.st.stm32cube.ide.mcu.externaltools.gnu-tools-for-stm32.10.3-2021.10.win32_1.0.0.202111181127/tools/bin/../lib/gcc/arm-none-eabi/10.3.1/../../../../arm-none-eabi/lib/thumb/v7e-m+fp/hard\libc.a
LOAD c:/st/stm32cubeide_1.10.0/stm32cubeide/plugins/com.st.stm32cube.ide.mcu.externaltools.gnu-tools-for-stm32.10.3-2021.10.win32_1.0.0.202111181127/tools/bin/../lib/gcc/arm-none-eabi/10.3.1/../../../../arm-none-eabi/lib/thumb/v7e-m+fp/hard\libm.a
LOAD c:/st/stm32cubeide_1.10.0/stm32cubeide/plugins/com.st.stm32cube.ide.mcu.externaltools.gnu-tools-for-stm32.10.3-2021.10.win32_1.0.0.202111181127/tools/bin/../lib/gcc/arm-none-eabi/10.3.1/thumb/v7e-m+fp/hard\libgcc.a

.debug_info     0x0000000000000000    0x122ee
 .debug_info    0x0000000000000000     0x137a ./Core/Src/MY_NRF24.o
 .debug_info    0x000000000000137a     0x23fa ./Core/Src/main.o
 .debug_info    0x0000000000003774     0x16b8 ./Core/Src/stm32f4xx_hal_msp.o
 .debug_info    0x0000000000004e2c      0x65d ./Core/Src/stm32f4xx_it.o
 .debug_info    0x0000000000005489      0x54f ./Core/Src/system_stm32f4xx.o
 .debug_info    0x00000000000059d8       0x22 ./Core/Startup/startup_stm32f411retx.o
 .debug_info    0x00000000000059fa      0x90d ./Drivers/STM32F4xx_HAL_Driver/Src/stm32f4xx_hal.o
 .debug_info    0x0000000000006307      0xd68 ./Drivers/STM32F4xx_HAL_Driver/Src/stm32f4xx_hal_adc.o
 .debug_info    0x000000000000706f      0xd8b ./Drivers/STM32F4xx_HAL_Driver/Src/stm32f4xx_hal_cortex.o
 .debug_info    0x0000000000007dfa      0x947 ./Drivers/STM32F4xx_HAL_Driver/Src/stm32f4xx_hal_dma.o
 .debug_info    0x0000000000008741      0x78e ./Drivers/STM32F4xx_HAL_Driver/Src/stm32f4xx_hal_gpio.o
 .debug_info    0x0000000000008ecf      0x98d ./Drivers/STM32F4xx_HAL_Driver/Src/stm32f4xx_hal_rcc.o
 .debug_info    0x000000000000985c     0x1750 ./Drivers/STM32F4xx_HAL_Driver/Src/stm32f4xx_hal_spi.o
 .debug_info    0x000000000000afac     0x2bb6 ./Drivers/STM32F4xx_HAL_Driver/Src/stm32f4xx_hal_tim.o
 .debug_info    0x000000000000db62     0x15d8 ./Drivers/STM32F4xx_HAL_Driver/Src/stm32f4xx_hal_tim_ex.o
 .debug_info    0x000000000000f13a     0x31b4 ./Drivers/STM32F4xx_HAL_Driver/Src/stm32f4xx_hal_uart.o

.debug_abbrev   0x0000000000000000     0x2340
 .debug_abbrev  0x0000000000000000      0x327 ./Core/Src/MY_NRF24.o
 .debug_abbrev  0x0000000000000327      0x31c ./Core/Src/main.o
 .debug_abbrev  0x0000000000000643      0x226 ./Core/Src/stm32f4xx_hal_msp.o
 .debug_abbrev  0x0000000000000869      0x177 ./Core/Src/stm32f4xx_it.o
 .debug_abbrev  0x00000000000009e0      0x116 ./Core/Src/system_stm32f4xx.o
 .debug_abbrev  0x0000000000000af6       0x12 ./Core/Startup/startup_stm32f411retx.o
 .debug_abbrev  0x0000000000000b08      0x23e ./Drivers/STM32F4xx_HAL_Driver/Src/stm32f4xx_hal.o
 .debug_abbrev  0x0000000000000d46      0x204 ./Drivers/STM32F4xx_HAL_Driver/Src/stm32f4xx_hal_adc.o
 .debug_abbrev  0x0000000000000f4a      0x316 ./Drivers/STM32F4xx_HAL_Driver/Src/stm32f4xx_hal_cortex.o
 .debug_abbrev  0x0000000000001260      0x21b ./Drivers/STM32F4xx_HAL_Driver/Src/stm32f4xx_hal_dma.o
 .debug_abbrev  0x000000000000147b      0x1c4 ./Drivers/STM32F4xx_HAL_Driver/Src/stm32f4xx_hal_gpio.o
 .debug_abbrev  0x000000000000163f      0x2aa ./Drivers/STM32F4xx_HAL_Driver/Src/stm32f4xx_hal_rcc.o
 .debug_abbrev  0x00000000000018e9      0x26e ./Drivers/STM32F4xx_HAL_Driver/Src/stm32f4xx_hal_spi.o
 .debug_abbrev  0x0000000000001b57      0x26e ./Drivers/STM32F4xx_HAL_Driver/Src/stm32f4xx_hal_tim.o
 .debug_abbrev  0x0000000000001dc5      0x276 ./Drivers/STM32F4xx_HAL_Driver/Src/stm32f4xx_hal_tim_ex.o
 .debug_abbrev  0x000000000000203b      0x305 ./Drivers/STM32F4xx_HAL_Driver/Src/stm32f4xx_hal_uart.o

.debug_aranges  0x0000000000000000     0x1170
 .debug_aranges
                0x0000000000000000      0x1a8 ./Core/Src/MY_NRF24.o
 .debug_aranges
                0x00000000000001a8      0x140 ./Core/Src/main.o
 .debug_aranges
                0x00000000000002e8       0x68 ./Core/Src/stm32f4xx_hal_msp.o
 .debug_aranges
                0x0000000000000350       0x68 ./Core/Src/stm32f4xx_it.o
 .debug_aranges
                0x00000000000003b8       0x28 ./Core/Src/system_stm32f4xx.o
 .debug_aranges
                0x00000000000003e0       0x28 ./Core/Startup/startup_stm32f411retx.o
 .debug_aranges
                0x0000000000000408       0xf0 ./Drivers/STM32F4xx_HAL_Driver/Src/stm32f4xx_hal.o
 .debug_aranges
                0x00000000000004f8       0xe8 ./Drivers/STM32F4xx_HAL_Driver/Src/stm32f4xx_hal_adc.o
 .debug_aranges
                0x00000000000005e0      0x118 ./Drivers/STM32F4xx_HAL_Driver/Src/stm32f4xx_hal_cortex.o
 .debug_aranges
                0x00000000000006f8       0x90 ./Drivers/STM32F4xx_HAL_Driver/Src/stm32f4xx_hal_dma.o
 .debug_aranges
                0x0000000000000788       0x58 ./Drivers/STM32F4xx_HAL_Driver/Src/stm32f4xx_hal_gpio.o
 .debug_aranges
                0x00000000000007e0       0x88 ./Drivers/STM32F4xx_HAL_Driver/Src/stm32f4xx_hal_rcc.o
 .debug_aranges
                0x0000000000000868      0x1d0 ./Drivers/STM32F4xx_HAL_Driver/Src/stm32f4xx_hal_spi.o
 .debug_aranges
                0x0000000000000a38      0x3d0 ./Drivers/STM32F4xx_HAL_Driver/Src/stm32f4xx_hal_tim.o
 .debug_aranges
                0x0000000000000e08      0x168 ./Drivers/STM32F4xx_HAL_Driver/Src/stm32f4xx_hal_tim_ex.o
 .debug_aranges
                0x0000000000000f70      0x200 ./Drivers/STM32F4xx_HAL_Driver/Src/stm32f4xx_hal_uart.o

.debug_ranges   0x0000000000000000     0x10a8
 .debug_ranges  0x0000000000000000      0x198 ./Core/Src/MY_NRF24.o
 .debug_ranges  0x0000000000000198      0x130 ./Core/Src/main.o
 .debug_ranges  0x00000000000002c8       0x58 ./Core/Src/stm32f4xx_hal_msp.o
 .debug_ranges  0x0000000000000320       0x58 ./Core/Src/stm32f4xx_it.o
 .debug_ranges  0x0000000000000378       0x18 ./Core/Src/system_stm32f4xx.o
 .debug_ranges  0x0000000000000390       0x20 ./Core/Startup/startup_stm32f411retx.o
 .debug_ranges  0x00000000000003b0       0xe0 ./Drivers/STM32F4xx_HAL_Driver/Src/stm32f4xx_hal.o
 .debug_ranges  0x0000000000000490       0xd8 ./Drivers/STM32F4xx_HAL_Driver/Src/stm32f4xx_hal_adc.o
 .debug_ranges  0x0000000000000568      0x108 ./Drivers/STM32F4xx_HAL_Driver/Src/stm32f4xx_hal_cortex.o
 .debug_ranges  0x0000000000000670       0x80 ./Drivers/STM32F4xx_HAL_Driver/Src/stm32f4xx_hal_dma.o
 .debug_ranges  0x00000000000006f0       0x48 ./Drivers/STM32F4xx_HAL_Driver/Src/stm32f4xx_hal_gpio.o
 .debug_ranges  0x0000000000000738       0x78 ./Drivers/STM32F4xx_HAL_Driver/Src/stm32f4xx_hal_rcc.o
 .debug_ranges  0x00000000000007b0      0x1c0 ./Drivers/STM32F4xx_HAL_Driver/Src/stm32f4xx_hal_spi.o
 .debug_ranges  0x0000000000000970      0x3c0 ./Drivers/STM32F4xx_HAL_Driver/Src/stm32f4xx_hal_tim.o
 .debug_ranges  0x0000000000000d30      0x158 ./Drivers/STM32F4xx_HAL_Driver/Src/stm32f4xx_hal_tim_ex.o
 .debug_ranges  0x0000000000000e88      0x220 ./Drivers/STM32F4xx_HAL_Driver/Src/stm32f4xx_hal_uart.o

.debug_macro    0x0000000000000000    0x182a6
 .debug_macro   0x0000000000000000      0x324 ./Core/Src/MY_NRF24.o
 .debug_macro   0x0000000000000324      0xa78 ./Core/Src/MY_NRF24.o
 .debug_macro   0x0000000000000d9c      0x2a7 ./Core/Src/MY_NRF24.o
 .debug_macro   0x0000000000001043       0x2e ./Core/Src/MY_NRF24.o
 .debug_macro   0x0000000000001071       0x28 ./Core/Src/MY_NRF24.o
 .debug_macro   0x0000000000001099       0x22 ./Core/Src/MY_NRF24.o
 .debug_macro   0x00000000000010bb       0x8e ./Core/Src/MY_NRF24.o
 .debug_macro   0x0000000000001149       0x51 ./Core/Src/MY_NRF24.o
 .debug_macro   0x000000000000119a      0x103 ./Core/Src/MY_NRF24.o
 .debug_macro   0x000000000000129d       0x6a ./Core/Src/MY_NRF24.o
 .debug_macro   0x0000000000001307      0x1df ./Core/Src/MY_NRF24.o
 .debug_macro   0x00000000000014e6       0x1c ./Core/Src/MY_NRF24.o
 .debug_macro   0x0000000000001502       0x22 ./Core/Src/MY_NRF24.o
 .debug_macro   0x0000000000001524       0xd9 ./Core/Src/MY_NRF24.o
 .debug_macro   0x00000000000015fd     0x102d ./Core/Src/MY_NRF24.o
 .debug_macro   0x000000000000262a      0x11f ./Core/Src/MY_NRF24.o
 .debug_macro   0x0000000000002749     0xb953 ./Core/Src/MY_NRF24.o
 .debug_macro   0x000000000000e09c       0x6d ./Core/Src/MY_NRF24.o
 .debug_macro   0x000000000000e109     0x367e ./Core/Src/MY_NRF24.o
 .debug_macro   0x0000000000011787      0x174 ./Core/Src/MY_NRF24.o
 .debug_macro   0x00000000000118fb       0x5c ./Core/Src/MY_NRF24.o
 .debug_macro   0x0000000000011957      0x447 ./Core/Src/MY_NRF24.o
 .debug_macro   0x0000000000011d9e      0x9fe ./Core/Src/MY_NRF24.o
 .debug_macro   0x000000000001279c      0x115 ./Core/Src/MY_NRF24.o
 .debug_macro   0x00000000000128b1      0x11b ./Core/Src/MY_NRF24.o
 .debug_macro   0x00000000000129cc       0xa5 ./Core/Src/MY_NRF24.o
 .debug_macro   0x0000000000012a71      0x15f ./Core/Src/MY_NRF24.o
 .debug_macro   0x0000000000012bd0      0x287 ./Core/Src/MY_NRF24.o
 .debug_macro   0x0000000000012e57       0x5f ./Core/Src/MY_NRF24.o
 .debug_macro   0x0000000000012eb6      0x236 ./Core/Src/MY_NRF24.o
 .debug_macro   0x00000000000130ec      0x9e1 ./Core/Src/MY_NRF24.o
 .debug_macro   0x0000000000013acd      0x38b ./Core/Src/MY_NRF24.o
 .debug_macro   0x0000000000013e58      0x17d ./Core/Src/MY_NRF24.o
 .debug_macro   0x0000000000013fd5       0xf9 ./Core/Src/MY_NRF24.o
 .debug_macro   0x00000000000140ce      0x132 ./Core/Src/MY_NRF24.o
 .debug_macro   0x0000000000014200      0x264 ./Core/Src/MY_NRF24.o
 .debug_macro   0x0000000000014464       0x2e ./Core/Src/MY_NRF24.o
 .debug_macro   0x0000000000014492      0x11a ./Core/Src/MY_NRF24.o
 .debug_macro   0x00000000000145ac       0x85 ./Core/Src/MY_NRF24.o
 .debug_macro   0x0000000000014631       0x89 ./Core/Src/MY_NRF24.o
 .debug_macro   0x00000000000146ba      0x225 ./Core/Src/MY_NRF24.o
 .debug_macro   0x00000000000148df      0x8e6 ./Core/Src/MY_NRF24.o
 .debug_macro   0x00000000000151c5       0x47 ./Core/Src/MY_NRF24.o
 .debug_macro   0x000000000001520c      0x295 ./Core/Src/MY_NRF24.o
 .debug_macro   0x00000000000154a1      0x126 ./Core/Src/MY_NRF24.o
 .debug_macro   0x00000000000155c7      0x226 ./Core/Src/MY_NRF24.o
 .debug_macro   0x00000000000157ed       0x1e ./Core/Src/MY_NRF24.o
 .debug_macro   0x000000000001580b       0x52 ./Core/Src/MY_NRF24.o
 .debug_macro   0x000000000001585d       0x3c ./Core/Src/MY_NRF24.o
 .debug_macro   0x0000000000015899       0x34 ./Core/Src/MY_NRF24.o
 .debug_macro   0x00000000000158cd       0x16 ./Core/Src/MY_NRF24.o
 .debug_macro   0x00000000000158e3       0x35 ./Core/Src/MY_NRF24.o
 .debug_macro   0x0000000000015918       0x16 ./Core/Src/MY_NRF24.o
 .debug_macro   0x000000000001592e       0x43 ./Core/Src/MY_NRF24.o
 .debug_macro   0x0000000000015971       0x34 ./Core/Src/MY_NRF24.o
 .debug_macro   0x00000000000159a5       0x10 ./Core/Src/MY_NRF24.o
 .debug_macro   0x00000000000159b5       0x58 ./Core/Src/MY_NRF24.o
 .debug_macro   0x0000000000015a0d       0x71 ./Core/Src/MY_NRF24.o
 .debug_macro   0x0000000000015a7e       0x1c ./Core/Src/MY_NRF24.o
 .debug_macro   0x0000000000015a9a      0x12a ./Core/Src/MY_NRF24.o
 .debug_macro   0x0000000000015bc4      0x341 ./Core/Src/MY_NRF24.o
 .debug_macro   0x0000000000015f05       0x16 ./Core/Src/MY_NRF24.o
 .debug_macro   0x0000000000015f1b       0x29 ./Core/Src/MY_NRF24.o
 .debug_macro   0x0000000000015f44       0x22 ./Core/Src/MY_NRF24.o
 .debug_macro   0x0000000000015f66       0x16 ./Core/Src/MY_NRF24.o
 .debug_macro   0x0000000000015f7c       0x20 ./Core/Src/MY_NRF24.o
 .debug_macro   0x0000000000015f9c      0x3e9 ./Core/Src/main.o
 .debug_macro   0x0000000000016385       0xa0 ./Core/Src/main.o
 .debug_macro   0x0000000000016425       0x1c ./Core/Src/main.o
 .debug_macro   0x0000000000016441       0x10 ./Core/Src/main.o
 .debug_macro   0x0000000000016451       0x10 ./Core/Src/main.o
 .debug_macro   0x0000000000016461       0x1c ./Core/Src/main.o
 .debug_macro   0x000000000001647d       0x52 ./Core/Src/main.o
 .debug_macro   0x00000000000164cf       0x22 ./Core/Src/main.o
 .debug_macro   0x00000000000164f1       0x10 ./Core/Src/main.o
 .debug_macro   0x0000000000016501       0x52 ./Core/Src/main.o
 .debug_macro   0x0000000000016553       0xd5 ./Core/Src/main.o
 .debug_macro   0x0000000000016628       0x1c ./Core/Src/main.o
 .debug_macro   0x0000000000016644       0x3d ./Core/Src/main.o
 .debug_macro   0x0000000000016681       0x16 ./Core/Src/main.o
 .debug_macro   0x0000000000016697      0x145 ./Core/Src/main.o
 .debug_macro   0x00000000000167dc      0x20f ./Core/Src/stm32f4xx_hal_msp.o
 .debug_macro   0x00000000000169eb      0x219 ./Core/Src/stm32f4xx_it.o
 .debug_macro   0x0000000000016c04      0x200 ./Core/Src/system_stm32f4xx.o
 .debug_macro   0x0000000000016e04      0x260 ./Drivers/STM32F4xx_HAL_Driver/Src/stm32f4xx_hal.o
 .debug_macro   0x0000000000017064      0x201 ./Drivers/STM32F4xx_HAL_Driver/Src/stm32f4xx_hal_adc.o
 .debug_macro   0x0000000000017265      0x200 ./Drivers/STM32F4xx_HAL_Driver/Src/stm32f4xx_hal_cortex.o
 .debug_macro   0x0000000000017465      0x206 ./Drivers/STM32F4xx_HAL_Driver/Src/stm32f4xx_hal_dma.o
 .debug_macro   0x000000000001766b      0x206 ./Drivers/STM32F4xx_HAL_Driver/Src/stm32f4xx_hal_gpio.o
 .debug_macro   0x0000000000017871      0x224 ./Drivers/STM32F4xx_HAL_Driver/Src/stm32f4xx_hal_rcc.o
 .debug_macro   0x0000000000017a95      0x20f ./Drivers/STM32F4xx_HAL_Driver/Src/stm32f4xx_hal_spi.o
 .debug_macro   0x0000000000017ca4      0x201 ./Drivers/STM32F4xx_HAL_Driver/Src/stm32f4xx_hal_tim.o
 .debug_macro   0x0000000000017ea5      0x200 ./Drivers/STM32F4xx_HAL_Driver/Src/stm32f4xx_hal_tim_ex.o
 .debug_macro   0x00000000000180a5      0x201 ./Drivers/STM32F4xx_HAL_Driver/Src/stm32f4xx_hal_uart.o

.debug_line     0x0000000000000000    0x12a24
 .debug_line    0x0000000000000000     0x1072 ./Core/Src/MY_NRF24.o
 .debug_line    0x0000000000001072     0x1a30 ./Core/Src/main.o
 .debug_line    0x0000000000002aa2      0x955 ./Core/Src/stm32f4xx_hal_msp.o
 .debug_line    0x00000000000033f7      0x7f4 ./Core/Src/stm32f4xx_it.o
 .debug_line    0x0000000000003beb      0x79b ./Core/Src/system_stm32f4xx.o
 .debug_line    0x0000000000004386       0x88 ./Core/Startup/startup_stm32f411retx.o
 .debug_line    0x000000000000440e      0xa01 ./Drivers/STM32F4xx_HAL_Driver/Src/stm32f4xx_hal.o
 .debug_line    0x0000000000004e0f     0x11b1 ./Drivers/STM32F4xx_HAL_Driver/Src/stm32f4xx_hal_adc.o
 .debug_line    0x0000000000005fc0      0xcb0 ./Drivers/STM32F4xx_HAL_Driver/Src/stm32f4xx_hal_cortex.o
 .debug_line    0x0000000000006c70      0xf65 ./Drivers/STM32F4xx_HAL_Driver/Src/stm32f4xx_hal_dma.o
 .debug_line    0x0000000000007bd5      0xb39 ./Drivers/STM32F4xx_HAL_Driver/Src/stm32f4xx_hal_gpio.o
 .debug_line    0x000000000000870e      0xd7d ./Drivers/STM32F4xx_HAL_Driver/Src/stm32f4xx_hal_rcc.o
 .debug_line    0x000000000000948b     0x1c8b ./Drivers/STM32F4xx_HAL_Driver/Src/stm32f4xx_hal_spi.o
 .debug_line    0x000000000000b116     0x34cf ./Drivers/STM32F4xx_HAL_Driver/Src/stm32f4xx_hal_tim.o
 .debug_line    0x000000000000e5e5     0x1999 ./Drivers/STM32F4xx_HAL_Driver/Src/stm32f4xx_hal_tim_ex.o
 .debug_line    0x000000000000ff7e     0x2aa6 ./Drivers/STM32F4xx_HAL_Driver/Src/stm32f4xx_hal_uart.o

.debug_str      0x0000000000000000    0x9c866
 .debug_str     0x0000000000000000    0x973c4 ./Core/Src/MY_NRF24.o
                                      0x9772b (size before relaxing)
 .debug_str     0x00000000000973c4     0x1f68 ./Core/Src/main.o
                                      0x99108 (size before relaxing)
 .debug_str     0x000000000009932c      0x4d6 ./Core/Src/stm32f4xx_hal_msp.o
                                      0x948d8 (size before relaxing)
 .debug_str     0x0000000000099802       0xef ./Core/Src/stm32f4xx_it.o
                                      0x93d65 (size before relaxing)
 .debug_str     0x00000000000998f1       0xcb ./Core/Src/system_stm32f4xx.o
                                      0x937de (size before relaxing)
 .debug_str     0x00000000000999bc       0x36 ./Core/Startup/startup_stm32f411retx.o
                                         0x6e (size before relaxing)
 .debug_str     0x00000000000999f2      0x5da ./Drivers/STM32F4xx_HAL_Driver/Src/stm32f4xx_hal.o
                                      0x9420a (size before relaxing)
 .debug_str     0x0000000000099fcc      0x285 ./Drivers/STM32F4xx_HAL_Driver/Src/stm32f4xx_hal_adc.o
                                      0x93db9 (size before relaxing)
 .debug_str     0x000000000009a251      0x326 ./Drivers/STM32F4xx_HAL_Driver/Src/stm32f4xx_hal_cortex.o
                                      0x93f2b (size before relaxing)
 .debug_str     0x000000000009a577      0x2f6 ./Drivers/STM32F4xx_HAL_Driver/Src/stm32f4xx_hal_dma.o
                                      0x93be6 (size before relaxing)
 .debug_str     0x000000000009a86d      0x121 ./Drivers/STM32F4xx_HAL_Driver/Src/stm32f4xx_hal_gpio.o
                                      0x93959 (size before relaxing)
 .debug_str     0x000000000009a98e      0x228 ./Drivers/STM32F4xx_HAL_Driver/Src/stm32f4xx_hal_rcc.o
                                      0x93c12 (size before relaxing)
 .debug_str     0x000000000009abb6      0x546 ./Drivers/STM32F4xx_HAL_Driver/Src/stm32f4xx_hal_spi.o
                                      0x94090 (size before relaxing)
 .debug_str     0x000000000009b0fc      0xdb6 ./Drivers/STM32F4xx_HAL_Driver/Src/stm32f4xx_hal_tim.o
                                      0x94b46 (size before relaxing)
 .debug_str     0x000000000009beb2      0x3e1 ./Drivers/STM32F4xx_HAL_Driver/Src/stm32f4xx_hal_tim_ex.o
                                      0x94362 (size before relaxing)
 .debug_str     0x000000000009c293      0x5d3 ./Drivers/STM32F4xx_HAL_Driver/Src/stm32f4xx_hal_uart.o
                                      0x9419f (size before relaxing)

.comment        0x0000000000000000       0x50
 .comment       0x0000000000000000       0x50 ./Core/Src/MY_NRF24.o
                                         0x51 (size before relaxing)
 .comment       0x0000000000000050       0x51 ./Core/Src/main.o
 .comment       0x0000000000000050       0x51 ./Core/Src/stm32f4xx_hal_msp.o
 .comment       0x0000000000000050       0x51 ./Core/Src/stm32f4xx_it.o
 .comment       0x0000000000000050       0x51 ./Core/Src/system_stm32f4xx.o
 .comment       0x0000000000000050       0x51 ./Drivers/STM32F4xx_HAL_Driver/Src/stm32f4xx_hal.o
 .comment       0x0000000000000050       0x51 ./Drivers/STM32F4xx_HAL_Driver/Src/stm32f4xx_hal_adc.o
 .comment       0x0000000000000050       0x51 ./Drivers/STM32F4xx_HAL_Driver/Src/stm32f4xx_hal_cortex.o
 .comment       0x0000000000000050       0x51 ./Drivers/STM32F4xx_HAL_Driver/Src/stm32f4xx_hal_dma.o
 .comment       0x0000000000000050       0x51 ./Drivers/STM32F4xx_HAL_Driver/Src/stm32f4xx_hal_gpio.o
 .comment       0x0000000000000050       0x51 ./Drivers/STM32F4xx_HAL_Driver/Src/stm32f4xx_hal_rcc.o
 .comment       0x0000000000000050       0x51 ./Drivers/STM32F4xx_HAL_Driver/Src/stm32f4xx_hal_spi.o
 .comment       0x0000000000000050       0x51 ./Drivers/STM32F4xx_HAL_Driver/Src/stm32f4xx_hal_tim.o
 .comment       0x0000000000000050       0x51 ./Drivers/STM32F4xx_HAL_Driver/Src/stm32f4xx_hal_tim_ex.o
 .comment       0x0000000000000050       0x51 ./Drivers/STM32F4xx_HAL_Driver/Src/stm32f4xx_hal_uart.o

.debug_frame    0x0000000000000000     0x4adc
 .debug_frame   0x0000000000000000      0x6b4 ./Core/Src/MY_NRF24.o
 .debug_frame   0x00000000000006b4      0x580 ./Core/Src/main.o
 .debug_frame   0x0000000000000c34      0x180 ./Core/Src/stm32f4xx_hal_msp.o
 .debug_frame   0x0000000000000db4      0x120 ./Core/Src/stm32f4xx_it.o
 .debug_frame   0x0000000000000ed4       0x58 ./Core/Src/system_stm32f4xx.o
 .debug_frame   0x0000000000000f2c      0x374 ./Drivers/STM32F4xx_HAL_Driver/Src/stm32f4xx_hal.o
 .debug_frame   0x00000000000012a0      0x3fc ./Drivers/STM32F4xx_HAL_Driver/Src/stm32f4xx_hal_adc.o
 .debug_frame   0x000000000000169c      0x498 ./Drivers/STM32F4xx_HAL_Driver/Src/stm32f4xx_hal_cortex.o
 .debug_frame   0x0000000000001b34      0x250 ./Drivers/STM32F4xx_HAL_Driver/Src/stm32f4xx_hal_dma.o
 .debug_frame   0x0000000000001d84      0x14c ./Drivers/STM32F4xx_HAL_Driver/Src/stm32f4xx_hal_gpio.o
 .debug_frame   0x0000000000001ed0      0x1f4 ./Drivers/STM32F4xx_HAL_Driver/Src/stm32f4xx_hal_rcc.o
 .debug_frame   0x00000000000020c4      0x824 ./Drivers/STM32F4xx_HAL_Driver/Src/stm32f4xx_hal_spi.o
 .debug_frame   0x00000000000028e8     0x11bc ./Drivers/STM32F4xx_HAL_Driver/Src/stm32f4xx_hal_tim.o
 .debug_frame   0x0000000000003aa4      0x638 ./Drivers/STM32F4xx_HAL_Driver/Src/stm32f4xx_hal_tim_ex.o
 .debug_frame   0x00000000000040dc      0x92c ./Drivers/STM32F4xx_HAL_Driver/Src/stm32f4xx_hal_uart.o
 .debug_frame   0x0000000000004a08       0x2c c:/st/stm32cubeide_1.10.0/stm32cubeide/plugins/com.st.stm32cube.ide.mcu.externaltools.gnu-tools-for-stm32.10.3-2021.10.win32_1.0.0.202111181127/tools/bin/../lib/gcc/arm-none-eabi/10.3.1/../../../../arm-none-eabi/lib/thumb/v7e-m+fp/hard\libc_nano.a(lib_a-init.o)
 .debug_frame   0x0000000000004a34       0x28 c:/st/stm32cubeide_1.10.0/stm32cubeide/plugins/com.st.stm32cube.ide.mcu.externaltools.gnu-tools-for-stm32.10.3-2021.10.win32_1.0.0.202111181127/tools/bin/../lib/gcc/arm-none-eabi/10.3.1/../../../../arm-none-eabi/lib/thumb/v7e-m+fp/hard\libc_nano.a(lib_a-memcpy-stub.o)
 .debug_frame   0x0000000000004a5c       0x20 c:/st/stm32cubeide_1.10.0/stm32cubeide/plugins/com.st.stm32cube.ide.mcu.externaltools.gnu-tools-for-stm32.10.3-2021.10.win32_1.0.0.202111181127/tools/bin/../lib/gcc/arm-none-eabi/10.3.1/../../../../arm-none-eabi/lib/thumb/v7e-m+fp/hard\libc_nano.a(lib_a-memset.o)
 .debug_frame   0x0000000000004a7c       0x2c c:/st/stm32cubeide_1.10.0/stm32cubeide/plugins/com.st.stm32cube.ide.mcu.externaltools.gnu-tools-for-stm32.10.3-2021.10.win32_1.0.0.202111181127/tools/bin/../lib/gcc/arm-none-eabi/10.3.1/thumb/v7e-m+fp/hard\libgcc.a(_aeabi_uldivmod.o)
 .debug_frame   0x0000000000004aa8       0x34 c:/st/stm32cubeide_1.10.0/stm32cubeide/plugins/com.st.stm32cube.ide.mcu.externaltools.gnu-tools-for-stm32.10.3-2021.10.win32_1.0.0.202111181127/tools/bin/../lib/gcc/arm-none-eabi/10.3.1/thumb/v7e-m+fp/hard\libgcc.a(_udivmoddi4.o)
