../Core/Src/MY_NRF24.c:40:6:NRF24_DelayMicroSeconds	24	static
../Core/Src/MY_NRF24.c:48:6:NRF24_csn	16	static
../Core/Src/MY_NRF24.c:54:6:NRF24_ce	16	static
../Core/Src/MY_NRF24.c:60:9:NRF24_read_register	24	static
../Core/Src/MY_NRF24.c:77:6:NRF24_read_registerN	24	static
../Core/Src/MY_NRF24.c:92:6:NRF24_write_register	24	static
../Core/Src/MY_NRF24.c:105:6:NRF24_write_registerN	24	static
../Core/Src/MY_NRF24.c:118:6:NRF24_write_payload	24	static
../Core/Src/MY_NRF24.c:131:6:NRF24_read_payload	24	static
../Core/Src/MY_NRF24.c:145:6:NRF24_flush_tx	8	static
../Core/Src/MY_NRF24.c:150:6:NRF24_flush_rx	8	static
../Core/Src/MY_NRF24.c:155:9:NRF24_get_status	16	static
../Core/Src/MY_NRF24.c:163:6:NRF24_begin	24	static
../Core/Src/MY_NRF24.c:236:6:NRF24_startListening	8	static
../Core/Src/MY_NRF24.c:253:6:NRF24_stopListening	8	static
../Core/Src/MY_NRF24.c:260:6:NRF24_write	32	static
../Core/Src/MY_NRF24.c:296:6:NRF24_available	8	static
../Core/Src/MY_NRF24.c:301:6:NRF24_read	24	static
../Core/Src/MY_NRF24.c:310:6:NRF24_openWritingPipe	24	static
../Core/Src/MY_NRF24.c:319:6:NRF24_openReadingPipe	24	static
../Core/Src/MY_NRF24.c:343:6:NRF24_setRetries	16	static
../Core/Src/MY_NRF24.c:349:6:NRF24_setChannel	24	static
../Core/Src/MY_NRF24.c:355:6:NRF24_setPayloadSize	24	static
../Core/Src/MY_NRF24.c:361:9:NRF24_getPayloadSize	4	static
../Core/Src/MY_NRF24.c:366:9:NRF24_getDynamicPayloadSize	8	static
../Core/Src/MY_NRF24.c:371:6:NRF24_enableAckPayload	8	static
../Core/Src/MY_NRF24.c:384:6:NRF24_enableDynamicPayloads	8	static
../Core/Src/MY_NRF24.c:398:6:NRF24_disableDynamicPayloads	8	static
../Core/Src/MY_NRF24.c:406:6:NRF24_isNRF_Plus	4	static
../Core/Src/MY_NRF24.c:411:6:NRF24_setAutoAck	16	static
../Core/Src/MY_NRF24.c:419:6:NRF24_setAutoAckPipe	24	static
../Core/Src/MY_NRF24.c:436:6:NRF24_setPALevel	24	static
../Core/Src/MY_NRF24.c:467:15:NRF24_getPALevel	16	static
../Core/Src/MY_NRF24.c:493:6:NRF24_setDataRate	24	static
../Core/Src/MY_NRF24.c:538:17:NRF24_getDataRate	16	static
../Core/Src/MY_NRF24.c:563:6:NRF24_setCRCLength	24	static
../Core/Src/MY_NRF24.c:584:18:NRF24_getCRCLength	16	static
../Core/Src/MY_NRF24.c:600:6:NRF24_disableCRC	16	static
../Core/Src/MY_NRF24.c:606:6:NRF24_powerUp	8	static
../Core/Src/MY_NRF24.c:611:6:NRF24_powerDown	8	static
../Core/Src/MY_NRF24.c:616:6:NRF24_availablePipe	24	static
../Core/Src/MY_NRF24.c:640:6:NRF24_startWrite	16	static
../Core/Src/MY_NRF24.c:657:6:NRF24_writeAckPayload	24	static
../Core/Src/MY_NRF24.c:668:6:NRF24_isAckPayloadAvailable	16	static
../Core/Src/MY_NRF24.c:675:6:NRF24_whatHappened	32	static
../Core/Src/MY_NRF24.c:686:6:NRF24_testCarrier	8	static
../Core/Src/MY_NRF24.c:691:6:NRF24_testRPD	8	static
../Core/Src/MY_NRF24.c:697:6:NRF24_resetStatus	8	static
../Core/Src/MY_NRF24.c:703:6:NRF24_ACTIVATE_cmd	16	static
../Core/Src/MY_NRF24.c:714:9:NRF24_GetAckPayloadSize	4	static
