../Core/Src/main.c:119:6:ADC_Select_CH4	24	static
../Core/Src/main.c:133:6:ADC_Select_CH5	24	static
../Core/Src/main.c:146:6:ADC_Select_CH6	24	static
../Core/Src/main.c:159:6:ADC_Select_CH7	24	static
../Core/Src/main.c:172:6:ADC_Select_CH8	24	static
../Core/Src/main.c:186:6:ADC_Select_CH9	24	static
../Core/Src/main.c:199:6:ADC_Select_CH10	24	static
../Core/Src/main.c:212:6:ADC_Select_CH11	24	static
../Core/Src/main.c:225:6:ADC_Select_CH12	24	static
../Core/Src/main.c:238:6:ADC_Select_CH13	24	static
../Core/Src/main.c:251:6:ADC_Select_CH14	24	static
../Core/Src/main.c:264:6:ADC_Select_CH15	24	static
../Core/Src/main.c:277:6:Read_Adc	8	static
../Core/Src/main.c:360:6:Compute_PWM	24	static
../Core/Src/main.c:403:5:main	104	static
../Core/Src/main.c:474:6:SystemClock_Config	88	static
../Core/Src/main.c:521:13:MX_ADC1_Init	24	static
../Core/Src/main.c:672:13:MX_SPI3_Init	8	static
../Core/Src/main.c:710:13:MX_TIM1_Init	80	static
../Core/Src/main.c:787:13:MX_TIM2_Init	48	static
../Core/Src/main.c:848:13:MX_TIM3_Init	48	static
../Core/Src/main.c:909:13:MX_TIM4_Init	48	static
../Core/Src/main.c:970:13:MX_USART6_UART_Init	8	static
../Core/Src/main.c:1003:13:MX_GPIO_Init	48	static
../Core/Src/main.c:1066:7:IIR_FILTER_CH4	56	static
../Core/Src/main.c:1099:7:IIR_FILTER_CH5	56	static
../Core/Src/main.c:1132:7:IIR_FILTER_CH6	56	static
../Core/Src/main.c:1165:7:IIR_FILTER_CH7	56	static
../Core/Src/main.c:1198:7:IIR_FILTER_CH8	56	static
../Core/Src/main.c:1231:7:IIR_FILTER_CH9	56	static
../Core/Src/main.c:1264:7:IIR_FILTER_CH10	56	static
../Core/Src/main.c:1297:7:IIR_FILTER_CH11	56	static
../Core/Src/main.c:1330:7:IIR_FILTER_CH12	56	static
../Core/Src/main.c:1363:7:IIR_FILTER_CH13	56	static
../Core/Src/main.c:1396:7:IIR_FILTER_CH14	56	static
../Core/Src/main.c:1429:7:IIR_FILTER_CH15	56	static
../Core/Src/main.c:1468:6:Error_Handler	4	static,ignoring_inline_asm
